
Discarded input sections

 .text          0x00000000      0x4d0 ..\obj\stm32f4xx_gpio.o
 .data          0x00000000        0x0 ..\obj\stm32f4xx_gpio.o
 .bss           0x00000000        0x0 ..\obj\stm32f4xx_gpio.o
 .debug_info    0x00000000      0x605 ..\obj\stm32f4xx_gpio.o
 .debug_abbrev  0x00000000      0x1a3 ..\obj\stm32f4xx_gpio.o
 .debug_aranges
                0x00000000       0x20 ..\obj\stm32f4xx_gpio.o
 .debug_line    0x00000000      0x30f ..\obj\stm32f4xx_gpio.o
 .debug_str     0x00000000      0x4a5 ..\obj\stm32f4xx_gpio.o
 .comment       0x00000000       0x71 ..\obj\stm32f4xx_gpio.o
 .debug_frame   0x00000000      0x23c ..\obj\stm32f4xx_gpio.o
 .ARM.attributes
                0x00000000       0x33 ..\obj\stm32f4xx_gpio.o
 .text          0x00000000      0x964 ..\obj\stm32f4xx_usart.o
 .data          0x00000000        0x0 ..\obj\stm32f4xx_usart.o
 .bss           0x00000000        0x0 ..\obj\stm32f4xx_usart.o
 .debug_info    0x00000000      0x9c2 ..\obj\stm32f4xx_usart.o
 .debug_abbrev  0x00000000      0x155 ..\obj\stm32f4xx_usart.o
 .debug_aranges
                0x00000000       0x20 ..\obj\stm32f4xx_usart.o
 .debug_line    0x00000000      0x3ae ..\obj\stm32f4xx_usart.o
 .debug_str     0x00000000      0x694 ..\obj\stm32f4xx_usart.o
 .comment       0x00000000       0x71 ..\obj\stm32f4xx_usart.o
 .debug_frame   0x00000000      0x490 ..\obj\stm32f4xx_usart.o
 .ARM.attributes
                0x00000000       0x33 ..\obj\stm32f4xx_usart.o
 .text          0x00000000      0x70c ..\obj\stm32f4xx_dma.o
 .data          0x00000000        0x0 ..\obj\stm32f4xx_dma.o
 .bss           0x00000000        0x0 ..\obj\stm32f4xx_dma.o
 .debug_info    0x00000000      0x739 ..\obj\stm32f4xx_dma.o
 .debug_abbrev  0x00000000      0x155 ..\obj\stm32f4xx_dma.o
 .debug_aranges
                0x00000000       0x20 ..\obj\stm32f4xx_dma.o
 .debug_line    0x00000000      0x366 ..\obj\stm32f4xx_dma.o
 .debug_str     0x00000000      0x547 ..\obj\stm32f4xx_dma.o
 .comment       0x00000000       0x71 ..\obj\stm32f4xx_dma.o
 .debug_frame   0x00000000      0x308 ..\obj\stm32f4xx_dma.o
 .ARM.attributes
                0x00000000       0x33 ..\obj\stm32f4xx_dma.o
 .text          0x00000000      0xfa8 ..\obj\stm32f4xx_can.o
 .data          0x00000000        0x0 ..\obj\stm32f4xx_can.o
 .bss           0x00000000        0x0 ..\obj\stm32f4xx_can.o
 .debug_info    0x00000000      0xb9c ..\obj\stm32f4xx_can.o
 .debug_abbrev  0x00000000      0x1f3 ..\obj\stm32f4xx_can.o
 .debug_aranges
                0x00000000       0x20 ..\obj\stm32f4xx_can.o
 .debug_line    0x00000000      0x485 ..\obj\stm32f4xx_can.o
 .debug_str     0x00000000      0x743 ..\obj\stm32f4xx_can.o
 .comment       0x00000000       0x71 ..\obj\stm32f4xx_can.o
 .debug_frame   0x00000000      0x3f0 ..\obj\stm32f4xx_can.o
 .ARM.attributes
                0x00000000       0x33 ..\obj\stm32f4xx_can.o
 .text          0x00000000     0x22e8 ..\obj\stm32f4xx_cryp_aes.o
 .data          0x00000000        0x0 ..\obj\stm32f4xx_cryp_aes.o
 .bss           0x00000000        0x0 ..\obj\stm32f4xx_cryp_aes.o
 .debug_info    0x00000000     0x169b ..\obj\stm32f4xx_cryp_aes.o
 .debug_abbrev  0x00000000      0x1c9 ..\obj\stm32f4xx_cryp_aes.o
 .debug_aranges
                0x00000000       0x20 ..\obj\stm32f4xx_cryp_aes.o
 .debug_line    0x00000000      0xe50 ..\obj\stm32f4xx_cryp_aes.o
 .debug_str     0x00000000      0x4be ..\obj\stm32f4xx_cryp_aes.o
 .comment       0x00000000       0x71 ..\obj\stm32f4xx_cryp_aes.o
 .debug_frame   0x00000000       0xe4 ..\obj\stm32f4xx_cryp_aes.o
 .ARM.attributes
                0x00000000       0x33 ..\obj\stm32f4xx_cryp_aes.o
 .text          0x00000000      0xa40 ..\obj\stm32f4xx_ltdc.o
 .data          0x00000000        0x0 ..\obj\stm32f4xx_ltdc.o
 .bss           0x00000000        0x0 ..\obj\stm32f4xx_ltdc.o
 .debug_info    0x00000000      0xcf8 ..\obj\stm32f4xx_ltdc.o
 .debug_abbrev  0x00000000      0x18e ..\obj\stm32f4xx_ltdc.o
 .debug_aranges
                0x00000000       0x20 ..\obj\stm32f4xx_ltdc.o
 .debug_line    0x00000000      0x3f8 ..\obj\stm32f4xx_ltdc.o
 .debug_str     0x00000000      0xa2d ..\obj\stm32f4xx_ltdc.o
 .comment       0x00000000       0x71 ..\obj\stm32f4xx_ltdc.o
 .debug_frame   0x00000000      0x4b4 ..\obj\stm32f4xx_ltdc.o
 .ARM.attributes
                0x00000000       0x33 ..\obj\stm32f4xx_ltdc.o
 .text          0x00000000      0xaa4 ..\obj\stm32f4xx_flash.o
 .data          0x00000000        0x0 ..\obj\stm32f4xx_flash.o
 .bss           0x00000000        0x0 ..\obj\stm32f4xx_flash.o
 .debug_info    0x00000000      0x92e ..\obj\stm32f4xx_flash.o
 .debug_abbrev  0x00000000      0x196 ..\obj\stm32f4xx_flash.o
 .debug_aranges
                0x00000000       0x20 ..\obj\stm32f4xx_flash.o
 .debug_line    0x00000000      0x3e4 ..\obj\stm32f4xx_flash.o
 .debug_str     0x00000000      0x6a4 ..\obj\stm32f4xx_flash.o
 .comment       0x00000000       0x71 ..\obj\stm32f4xx_flash.o
 .debug_frame   0x00000000      0x5b0 ..\obj\stm32f4xx_flash.o
 .ARM.attributes
                0x00000000       0x33 ..\obj\stm32f4xx_flash.o
 .text          0x00000000      0x884 ..\obj\stm32f4xx_spi.o
 .data          0x00000000        0x0 ..\obj\stm32f4xx_spi.o
 .bss           0x00000000        0x0 ..\obj\stm32f4xx_spi.o
 .debug_info    0x00000000      0xb21 ..\obj\stm32f4xx_spi.o
 .debug_abbrev  0x00000000      0x167 ..\obj\stm32f4xx_spi.o
 .debug_aranges
                0x00000000       0x20 ..\obj\stm32f4xx_spi.o
 .debug_line    0x00000000      0x38c ..\obj\stm32f4xx_spi.o
 .debug_str     0x00000000      0x6a2 ..\obj\stm32f4xx_spi.o
 .comment       0x00000000       0x71 ..\obj\stm32f4xx_spi.o
 .debug_frame   0x00000000      0x3f4 ..\obj\stm32f4xx_spi.o
 .ARM.attributes
                0x00000000       0x33 ..\obj\stm32f4xx_spi.o
 .text          0x00000000      0x3f8 ..\obj\stm32f4xx_hash.o
 .data          0x00000000        0x0 ..\obj\stm32f4xx_hash.o
 .bss           0x00000000        0x0 ..\obj\stm32f4xx_hash.o
 .debug_info    0x00000000      0x59b ..\obj\stm32f4xx_hash.o
 .debug_abbrev  0x00000000      0x1d6 ..\obj\stm32f4xx_hash.o
 .debug_aranges
                0x00000000       0x20 ..\obj\stm32f4xx_hash.o
 .debug_line    0x00000000      0x313 ..\obj\stm32f4xx_hash.o
 .debug_str     0x00000000      0x460 ..\obj\stm32f4xx_hash.o
 .comment       0x00000000       0x71 ..\obj\stm32f4xx_hash.o
 .debug_frame   0x00000000      0x2bc ..\obj\stm32f4xx_hash.o
 .ARM.attributes
                0x00000000       0x33 ..\obj\stm32f4xx_hash.o
 .text          0x00000000      0x2a0 ..\obj\stm32f4xx_cryp_des.o
 .data          0x00000000        0x0 ..\obj\stm32f4xx_cryp_des.o
 .bss           0x00000000        0x0 ..\obj\stm32f4xx_cryp_des.o
 .debug_info    0x00000000      0x4db ..\obj\stm32f4xx_cryp_des.o
 .debug_abbrev  0x00000000      0x13f ..\obj\stm32f4xx_cryp_des.o
 .debug_aranges
                0x00000000       0x20 ..\obj\stm32f4xx_cryp_des.o
 .debug_line    0x00000000      0x37a ..\obj\stm32f4xx_cryp_des.o
 .debug_str     0x00000000      0x3d0 ..\obj\stm32f4xx_cryp_des.o
 .comment       0x00000000       0x71 ..\obj\stm32f4xx_cryp_des.o
 .debug_frame   0x00000000       0x60 ..\obj\stm32f4xx_cryp_des.o
 .ARM.attributes
                0x00000000       0x33 ..\obj\stm32f4xx_cryp_des.o
 .text          0x00000000       0xe8 ..\obj\stm32f4xx_dbgmcu.o
 .data          0x00000000        0x0 ..\obj\stm32f4xx_dbgmcu.o
 .bss           0x00000000        0x0 ..\obj\stm32f4xx_dbgmcu.o
 .debug_info    0x00000000      0x1dc ..\obj\stm32f4xx_dbgmcu.o
 .debug_abbrev  0x00000000       0xde ..\obj\stm32f4xx_dbgmcu.o
 .debug_aranges
                0x00000000       0x20 ..\obj\stm32f4xx_dbgmcu.o
 .debug_line    0x00000000      0x221 ..\obj\stm32f4xx_dbgmcu.o
 .debug_str     0x00000000      0x245 ..\obj\stm32f4xx_dbgmcu.o
 .comment       0x00000000       0x71 ..\obj\stm32f4xx_dbgmcu.o
 .debug_frame   0x00000000       0xc8 ..\obj\stm32f4xx_dbgmcu.o
 .ARM.attributes
                0x00000000       0x33 ..\obj\stm32f4xx_dbgmcu.o
 .text          0x00000000       0xd0 ..\obj\stm32f4xx_crc.o
 .data          0x00000000        0x0 ..\obj\stm32f4xx_crc.o
 .bss           0x00000000        0x0 ..\obj\stm32f4xx_crc.o
 .debug_info    0x00000000      0x208 ..\obj\stm32f4xx_crc.o
 .debug_abbrev  0x00000000      0x114 ..\obj\stm32f4xx_crc.o
 .debug_aranges
                0x00000000       0x20 ..\obj\stm32f4xx_crc.o
 .debug_line    0x00000000      0x22b ..\obj\stm32f4xx_crc.o
 .debug_str     0x00000000      0x250 ..\obj\stm32f4xx_crc.o
 .comment       0x00000000       0x71 ..\obj\stm32f4xx_crc.o
 .debug_frame   0x00000000       0xe8 ..\obj\stm32f4xx_crc.o
 .ARM.attributes
                0x00000000       0x33 ..\obj\stm32f4xx_crc.o
 .text          0x00000000      0x188 ..\obj\misc.o
 .data          0x00000000        0x0 ..\obj\misc.o
 .bss           0x00000000        0x0 ..\obj\misc.o
 .debug_info    0x00000000      0x53d ..\obj\misc.o
 .debug_abbrev  0x00000000      0x145 ..\obj\misc.o
 .debug_aranges
                0x00000000       0x20 ..\obj\misc.o
 .debug_line    0x00000000      0x280 ..\obj\misc.o
 .debug_str     0x00000000      0x3d3 ..\obj\misc.o
 .comment       0x00000000       0x71 ..\obj\misc.o
 .debug_frame   0x00000000       0xd8 ..\obj\misc.o
 .ARM.attributes
                0x00000000       0x33 ..\obj\misc.o
 .text          0x00000000       0xc8 ..\obj\stm32f4xx_iwdg.o
 .data          0x00000000        0x0 ..\obj\stm32f4xx_iwdg.o
 .bss           0x00000000        0x0 ..\obj\stm32f4xx_iwdg.o
 .debug_info    0x00000000      0x20a ..\obj\stm32f4xx_iwdg.o
 .debug_abbrev  0x00000000      0x101 ..\obj\stm32f4xx_iwdg.o
 .debug_aranges
                0x00000000       0x20 ..\obj\stm32f4xx_iwdg.o
 .debug_line    0x00000000      0x225 ..\obj\stm32f4xx_iwdg.o
 .debug_str     0x00000000      0x271 ..\obj\stm32f4xx_iwdg.o
 .comment       0x00000000       0x71 ..\obj\stm32f4xx_iwdg.o
 .debug_frame   0x00000000       0xf0 ..\obj\stm32f4xx_iwdg.o
 .ARM.attributes
                0x00000000       0x33 ..\obj\stm32f4xx_iwdg.o
 .text          0x00000000      0xa84 ..\obj\stm32f4xx_adc.o
 .data          0x00000000        0x0 ..\obj\stm32f4xx_adc.o
 .bss           0x00000000        0x0 ..\obj\stm32f4xx_adc.o
 .debug_info    0x00000000      0xc38 ..\obj\stm32f4xx_adc.o
 .debug_abbrev  0x00000000      0x196 ..\obj\stm32f4xx_adc.o
 .debug_aranges
                0x00000000       0x20 ..\obj\stm32f4xx_adc.o
 .debug_line    0x00000000      0x3d9 ..\obj\stm32f4xx_adc.o
 .debug_str     0x00000000      0x809 ..\obj\stm32f4xx_adc.o
 .comment       0x00000000       0x71 ..\obj\stm32f4xx_adc.o
 .debug_frame   0x00000000      0x5ec ..\obj\stm32f4xx_adc.o
 .ARM.attributes
                0x00000000       0x33 ..\obj\stm32f4xx_adc.o
 .text          0x00000000      0xd9c ..\obj\stm32f4xx_fmc.o
 .data          0x00000000        0x0 ..\obj\stm32f4xx_fmc.o
 .bss           0x00000000        0x0 ..\obj\stm32f4xx_fmc.o
 .debug_info    0x00000000      0xc86 ..\obj\stm32f4xx_fmc.o
 .debug_abbrev  0x00000000      0x17f ..\obj\stm32f4xx_fmc.o
 .debug_aranges
                0x00000000       0x20 ..\obj\stm32f4xx_fmc.o
 .debug_line    0x00000000      0x488 ..\obj\stm32f4xx_fmc.o
 .debug_str     0x00000000      0xa70 ..\obj\stm32f4xx_fmc.o
 .comment       0x00000000       0x71 ..\obj\stm32f4xx_fmc.o
 .debug_frame   0x00000000      0x440 ..\obj\stm32f4xx_fmc.o
 .ARM.attributes
                0x00000000       0x33 ..\obj\stm32f4xx_fmc.o
 .text          0x00000000      0xa08 ..\obj\stm32f4xx_i2c.o
 .data          0x00000000        0x0 ..\obj\stm32f4xx_i2c.o
 .bss           0x00000000        0x0 ..\obj\stm32f4xx_i2c.o
 .debug_info    0x00000000      0xb87 ..\obj\stm32f4xx_i2c.o
 .debug_abbrev  0x00000000      0x164 ..\obj\stm32f4xx_i2c.o
 .debug_aranges
                0x00000000       0x20 ..\obj\stm32f4xx_i2c.o
 .debug_line    0x00000000      0x3b5 ..\obj\stm32f4xx_i2c.o
 .debug_str     0x00000000      0x6b7 ..\obj\stm32f4xx_i2c.o
 .comment       0x00000000       0x71 ..\obj\stm32f4xx_i2c.o
 .debug_frame   0x00000000      0x580 ..\obj\stm32f4xx_i2c.o
 .ARM.attributes
                0x00000000       0x33 ..\obj\stm32f4xx_i2c.o
 .text          0x00000000      0x42c ..\obj\stm32f4xx_dac.o
 .data          0x00000000        0x0 ..\obj\stm32f4xx_dac.o
 .bss           0x00000000        0x0 ..\obj\stm32f4xx_dac.o
 .debug_info    0x00000000      0x63d ..\obj\stm32f4xx_dac.o
 .debug_abbrev  0x00000000      0x17c ..\obj\stm32f4xx_dac.o
 .debug_aranges
                0x00000000       0x20 ..\obj\stm32f4xx_dac.o
 .debug_line    0x00000000      0x2f7 ..\obj\stm32f4xx_dac.o
 .debug_str     0x00000000      0x458 ..\obj\stm32f4xx_dac.o
 .comment       0x00000000       0x71 ..\obj\stm32f4xx_dac.o
 .debug_frame   0x00000000      0x2ac ..\obj\stm32f4xx_dac.o
 .ARM.attributes
                0x00000000       0x33 ..\obj\stm32f4xx_dac.o
 .text          0x00000000      0x130 ..\obj\stm32f4xx_wwdg.o
 .data          0x00000000        0x0 ..\obj\stm32f4xx_wwdg.o
 .bss           0x00000000        0x0 ..\obj\stm32f4xx_wwdg.o
 .debug_info    0x00000000      0x244 ..\obj\stm32f4xx_wwdg.o
 .debug_abbrev  0x00000000      0x140 ..\obj\stm32f4xx_wwdg.o
 .debug_aranges
                0x00000000       0x20 ..\obj\stm32f4xx_wwdg.o
 .debug_line    0x00000000      0x234 ..\obj\stm32f4xx_wwdg.o
 .debug_str     0x00000000      0x27c ..\obj\stm32f4xx_wwdg.o
 .comment       0x00000000       0x71 ..\obj\stm32f4xx_wwdg.o
 .debug_frame   0x00000000      0x134 ..\obj\stm32f4xx_wwdg.o
 .ARM.attributes
                0x00000000       0x33 ..\obj\stm32f4xx_wwdg.o
 .text          0x00000000     0x1508 ..\obj\stm32f4xx_rtc.o
 .data          0x00000000        0x0 ..\obj\stm32f4xx_rtc.o
 .bss           0x00000000        0x0 ..\obj\stm32f4xx_rtc.o
 .debug_info    0x00000000     0x10df ..\obj\stm32f4xx_rtc.o
 .debug_abbrev  0x00000000      0x1ae ..\obj\stm32f4xx_rtc.o
 .debug_aranges
                0x00000000       0x20 ..\obj\stm32f4xx_rtc.o
 .debug_line    0x00000000      0x5be ..\obj\stm32f4xx_rtc.o
 .debug_str     0x00000000      0xb4d ..\obj\stm32f4xx_rtc.o
 .comment       0x00000000       0x71 ..\obj\stm32f4xx_rtc.o
 .debug_frame   0x00000000      0x8b0 ..\obj\stm32f4xx_rtc.o
 .ARM.attributes
                0x00000000       0x33 ..\obj\stm32f4xx_rtc.o
 .text          0x00000000      0x38c ..\obj\stm32f4xx_dcmi.o
 .data          0x00000000        0x0 ..\obj\stm32f4xx_dcmi.o
 .bss           0x00000000        0x0 ..\obj\stm32f4xx_dcmi.o
 .debug_info    0x00000000      0x54c ..\obj\stm32f4xx_dcmi.o
 .debug_abbrev  0x00000000      0x187 ..\obj\stm32f4xx_dcmi.o
 .debug_aranges
                0x00000000       0x20 ..\obj\stm32f4xx_dcmi.o
 .debug_line    0x00000000      0x2f6 ..\obj\stm32f4xx_dcmi.o
 .debug_str     0x00000000      0x4de ..\obj\stm32f4xx_dcmi.o
 .comment       0x00000000       0x71 ..\obj\stm32f4xx_dcmi.o
 .debug_frame   0x00000000      0x258 ..\obj\stm32f4xx_dcmi.o
 .ARM.attributes
                0x00000000       0x33 ..\obj\stm32f4xx_dcmi.o
 .text          0x00000000      0x150 ..\obj\stm32f4xx_syscfg.o
 .data          0x00000000        0x0 ..\obj\stm32f4xx_syscfg.o
 .bss           0x00000000        0x0 ..\obj\stm32f4xx_syscfg.o
 .debug_info    0x00000000      0x290 ..\obj\stm32f4xx_syscfg.o
 .debug_abbrev  0x00000000      0x131 ..\obj\stm32f4xx_syscfg.o
 .debug_aranges
                0x00000000       0x20 ..\obj\stm32f4xx_syscfg.o
 .debug_line    0x00000000      0x230 ..\obj\stm32f4xx_syscfg.o
 .debug_str     0x00000000      0x313 ..\obj\stm32f4xx_syscfg.o
 .comment       0x00000000       0x71 ..\obj\stm32f4xx_syscfg.o
 .debug_frame   0x00000000      0x11c ..\obj\stm32f4xx_syscfg.o
 .ARM.attributes
                0x00000000       0x33 ..\obj\stm32f4xx_syscfg.o
 .text          0x00000000      0x330 ..\obj\stm32f4xx_hash_sha1.o
 .data          0x00000000        0x0 ..\obj\stm32f4xx_hash_sha1.o
 .bss           0x00000000        0x0 ..\obj\stm32f4xx_hash_sha1.o
 .debug_info    0x00000000      0x48e ..\obj\stm32f4xx_hash_sha1.o
 .debug_abbrev  0x00000000      0x171 ..\obj\stm32f4xx_hash_sha1.o
 .debug_aranges
                0x00000000       0x20 ..\obj\stm32f4xx_hash_sha1.o
 .debug_line    0x00000000      0x3fd ..\obj\stm32f4xx_hash_sha1.o
 .debug_str     0x00000000      0x2f5 ..\obj\stm32f4xx_hash_sha1.o
 .comment       0x00000000       0x71 ..\obj\stm32f4xx_hash_sha1.o
 .debug_frame   0x00000000       0x5c ..\obj\stm32f4xx_hash_sha1.o
 .ARM.attributes
                0x00000000       0x33 ..\obj\stm32f4xx_hash_sha1.o
 .data          0x00000000        0x0 ..\obj\startup_stm32f4xx.o
 .bss           0x00000000        0x0 ..\obj\startup_stm32f4xx.o
 .text          0x00000000      0xc44 ..\obj\stm32f4xx_rcc.o
 .data          0x00000000       0x10 ..\obj\stm32f4xx_rcc.o
 .bss           0x00000000        0x0 ..\obj\stm32f4xx_rcc.o
 .debug_info    0x00000000      0xe11 ..\obj\stm32f4xx_rcc.o
 .debug_abbrev  0x00000000      0x1ba ..\obj\stm32f4xx_rcc.o
 .debug_aranges
                0x00000000       0x20 ..\obj\stm32f4xx_rcc.o
 .debug_line    0x00000000      0x421 ..\obj\stm32f4xx_rcc.o
 .debug_str     0x00000000      0x9a2 ..\obj\stm32f4xx_rcc.o
 .comment       0x00000000       0x71 ..\obj\stm32f4xx_rcc.o
 .debug_frame   0x00000000      0x814 ..\obj\stm32f4xx_rcc.o
 .ARM.attributes
                0x00000000       0x33 ..\obj\stm32f4xx_rcc.o
 .text          0x00000000      0x52c ..\obj\stm32f4xx_sai.o
 .data          0x00000000        0x0 ..\obj\stm32f4xx_sai.o
 .bss           0x00000000        0x0 ..\obj\stm32f4xx_sai.o
 .debug_info    0x00000000      0x828 ..\obj\stm32f4xx_sai.o
 .debug_abbrev  0x00000000      0x16f ..\obj\stm32f4xx_sai.o
 .debug_aranges
                0x00000000       0x20 ..\obj\stm32f4xx_sai.o
 .debug_line    0x00000000      0x34b ..\obj\stm32f4xx_sai.o
 .debug_str     0x00000000      0x5be ..\obj\stm32f4xx_sai.o
 .comment       0x00000000       0x71 ..\obj\stm32f4xx_sai.o
 .debug_frame   0x00000000      0x3f4 ..\obj\stm32f4xx_sai.o
 .ARM.attributes
                0x00000000       0x33 ..\obj\stm32f4xx_sai.o
 .text          0x00000000      0x320 ..\obj\stm32f4xx_pwr.o
 .data          0x00000000        0x0 ..\obj\stm32f4xx_pwr.o
 .bss           0x00000000        0x0 ..\obj\stm32f4xx_pwr.o
 .debug_info    0x00000000      0x5cd ..\obj\stm32f4xx_pwr.o
 .debug_abbrev  0x00000000      0x17f ..\obj\stm32f4xx_pwr.o
 .debug_aranges
                0x00000000       0x20 ..\obj\stm32f4xx_pwr.o
 .debug_line    0x00000000      0x2ae ..\obj\stm32f4xx_pwr.o
 .debug_str     0x00000000      0x3d4 ..\obj\stm32f4xx_pwr.o
 .comment       0x00000000       0x71 ..\obj\stm32f4xx_pwr.o
 .debug_frame   0x00000000      0x27c ..\obj\stm32f4xx_pwr.o
 .ARM.attributes
                0x00000000       0x33 ..\obj\stm32f4xx_pwr.o
 .text          0x00000000      0x690 ..\obj\stm32f4xx_cryp.o
 .data          0x00000000        0x0 ..\obj\stm32f4xx_cryp.o
 .bss           0x00000000        0x0 ..\obj\stm32f4xx_cryp.o
 .debug_info    0x00000000      0x86e ..\obj\stm32f4xx_cryp.o
 .debug_abbrev  0x00000000      0x1a2 ..\obj\stm32f4xx_cryp.o
 .debug_aranges
                0x00000000       0x20 ..\obj\stm32f4xx_cryp.o
 .debug_line    0x00000000      0x369 ..\obj\stm32f4xx_cryp.o
 .debug_str     0x00000000      0x6b5 ..\obj\stm32f4xx_cryp.o
 .comment       0x00000000       0x71 ..\obj\stm32f4xx_cryp.o
 .debug_frame   0x00000000      0x2ec ..\obj\stm32f4xx_cryp.o
 .ARM.attributes
                0x00000000       0x33 ..\obj\stm32f4xx_cryp.o
 .text          0x00000000      0x4d0 ..\obj\stm32f4xx_sdio.o
 .data          0x00000000        0x0 ..\obj\stm32f4xx_sdio.o
 .bss           0x00000000        0x0 ..\obj\stm32f4xx_sdio.o
 .debug_info    0x00000000      0x7f5 ..\obj\stm32f4xx_sdio.o
 .debug_abbrev  0x00000000      0x177 ..\obj\stm32f4xx_sdio.o
 .debug_aranges
                0x00000000       0x20 ..\obj\stm32f4xx_sdio.o
 .debug_line    0x00000000      0x330 ..\obj\stm32f4xx_sdio.o
 .debug_str     0x00000000      0x645 ..\obj\stm32f4xx_sdio.o
 .comment       0x00000000       0x71 ..\obj\stm32f4xx_sdio.o
 .debug_frame   0x00000000      0x48c ..\obj\stm32f4xx_sdio.o
 .ARM.attributes
                0x00000000       0x33 ..\obj\stm32f4xx_sdio.o
 .text          0x00000000      0x208 ..\obj\stm32f4xx_exti.o
 .data          0x00000000        0x0 ..\obj\stm32f4xx_exti.o
 .bss           0x00000000        0x0 ..\obj\stm32f4xx_exti.o
 .debug_info    0x00000000      0x338 ..\obj\stm32f4xx_exti.o
 .debug_abbrev  0x00000000      0x1a5 ..\obj\stm32f4xx_exti.o
 .debug_aranges
                0x00000000       0x20 ..\obj\stm32f4xx_exti.o
 .debug_line    0x00000000      0x2b0 ..\obj\stm32f4xx_exti.o
 .debug_str     0x00000000      0x351 ..\obj\stm32f4xx_exti.o
 .comment       0x00000000       0x71 ..\obj\stm32f4xx_exti.o
 .debug_frame   0x00000000      0x148 ..\obj\stm32f4xx_exti.o
 .ARM.attributes
                0x00000000       0x33 ..\obj\stm32f4xx_exti.o
 .text          0x00000000      0x35c ..\obj\stm32f4xx_cryp_tdes.o
 .data          0x00000000        0x0 ..\obj\stm32f4xx_cryp_tdes.o
 .bss           0x00000000        0x0 ..\obj\stm32f4xx_cryp_tdes.o
 .debug_info    0x00000000      0x5c0 ..\obj\stm32f4xx_cryp_tdes.o
 .debug_abbrev  0x00000000      0x14e ..\obj\stm32f4xx_cryp_tdes.o
 .debug_aranges
                0x00000000       0x20 ..\obj\stm32f4xx_cryp_tdes.o
 .debug_line    0x00000000      0x3eb ..\obj\stm32f4xx_cryp_tdes.o
 .debug_str     0x00000000      0x3d6 ..\obj\stm32f4xx_cryp_tdes.o
 .comment       0x00000000       0x71 ..\obj\stm32f4xx_cryp_tdes.o
 .debug_frame   0x00000000       0x60 ..\obj\stm32f4xx_cryp_tdes.o
 .ARM.attributes
                0x00000000       0x33 ..\obj\stm32f4xx_cryp_tdes.o
 .bss           0x00000000        0x0 ..\obj\system_stm32f4xx.o
 .text          0x00000000      0x158 ..\obj\stm32f4xx_rng.o
 .data          0x00000000        0x0 ..\obj\stm32f4xx_rng.o
 .bss           0x00000000        0x0 ..\obj\stm32f4xx_rng.o
 .debug_info    0x00000000      0x27f ..\obj\stm32f4xx_rng.o
 .debug_abbrev  0x00000000      0x144 ..\obj\stm32f4xx_rng.o
 .debug_aranges
                0x00000000       0x20 ..\obj\stm32f4xx_rng.o
 .debug_line    0x00000000      0x238 ..\obj\stm32f4xx_rng.o
 .debug_str     0x00000000      0x27e ..\obj\stm32f4xx_rng.o
 .comment       0x00000000       0x71 ..\obj\stm32f4xx_rng.o
 .debug_frame   0x00000000      0x13c ..\obj\stm32f4xx_rng.o
 .ARM.attributes
                0x00000000       0x33 ..\obj\stm32f4xx_rng.o
 .text          0x00000000      0x30c ..\obj\stm32f4xx_hash_md5.o
 .data          0x00000000        0x0 ..\obj\stm32f4xx_hash_md5.o
 .bss           0x00000000        0x0 ..\obj\stm32f4xx_hash_md5.o
 .debug_info    0x00000000      0x454 ..\obj\stm32f4xx_hash_md5.o
 .debug_abbrev  0x00000000      0x171 ..\obj\stm32f4xx_hash_md5.o
 .debug_aranges
                0x00000000       0x20 ..\obj\stm32f4xx_hash_md5.o
 .debug_line    0x00000000      0x3e0 ..\obj\stm32f4xx_hash_md5.o
 .debug_str     0x00000000      0x2f0 ..\obj\stm32f4xx_hash_md5.o
 .comment       0x00000000       0x71 ..\obj\stm32f4xx_hash_md5.o
 .debug_frame   0x00000000       0x58 ..\obj\stm32f4xx_hash_md5.o
 .ARM.attributes
                0x00000000       0x33 ..\obj\stm32f4xx_hash_md5.o
 .text          0x00000000     0x1bf0 ..\obj\stm32f4xx_tim.o
 .data          0x00000000        0x0 ..\obj\stm32f4xx_tim.o
 .bss           0x00000000        0x0 ..\obj\stm32f4xx_tim.o
 .debug_info    0x00000000     0x1c61 ..\obj\stm32f4xx_tim.o
 .debug_abbrev  0x00000000      0x187 ..\obj\stm32f4xx_tim.o
 .debug_aranges
                0x00000000       0x20 ..\obj\stm32f4xx_tim.o
 .debug_line    0x00000000      0x634 ..\obj\stm32f4xx_tim.o
 .debug_str     0x00000000      0xdd5 ..\obj\stm32f4xx_tim.o
 .comment       0x00000000       0x71 ..\obj\stm32f4xx_tim.o
 .debug_frame   0x00000000      0xe54 ..\obj\stm32f4xx_tim.o
 .ARM.attributes
                0x00000000       0x33 ..\obj\stm32f4xx_tim.o
 .text          0x00000000      0x680 ..\obj\stm32f4xx_dma2d.o
 .data          0x00000000        0x0 ..\obj\stm32f4xx_dma2d.o
 .bss           0x00000000        0x0 ..\obj\stm32f4xx_dma2d.o
 .debug_info    0x00000000      0x819 ..\obj\stm32f4xx_dma2d.o
 .debug_abbrev  0x00000000      0x1a6 ..\obj\stm32f4xx_dma2d.o
 .debug_aranges
                0x00000000       0x20 ..\obj\stm32f4xx_dma2d.o
 .debug_line    0x00000000      0x357 ..\obj\stm32f4xx_dma2d.o
 .debug_str     0x00000000      0x73b ..\obj\stm32f4xx_dma2d.o
 .comment       0x00000000       0x71 ..\obj\stm32f4xx_dma2d.o
 .debug_frame   0x00000000      0x2ec ..\obj\stm32f4xx_dma2d.o
 .ARM.attributes
                0x00000000       0x33 ..\obj\stm32f4xx_dma2d.o
 .data          0x00000000        0x0 ..\obj\main.o
 .bss           0x00000000        0x0 ..\obj\main.o

Memory Configuration

Name             Origin             Length             Attributes
rom              0x08000000         0x00100000         xr
ram              0x20000000         0x00020000         xrw
ram1             0x10000000         0x00010000         xrw
*default*        0x00000000         0xffffffff

Linker script and memory map

                0x20020000                _eram = 0x20020000

.text           0x08000000      0x490
 *(.isr_vector)
 .isr_vector    0x08000000      0x1ac ..\obj\startup_stm32f4xx.o
                0x08000000                g_pfnVectors
 *(.text*)
 .text          0x080001ac       0x60 ..\obj\startup_stm32f4xx.o
                0x080001ac                Default_Reset_Handler
                0x080001ac                Reset_Handler
                0x080001fc                EXTI2_IRQHandler
                0x080001fc                TIM8_CC_IRQHandler
                0x080001fc                DebugMon_Handler
                0x080001fc                UART8_IRQHandler
                0x080001fc                SPI4_IRQHandler
                0x080001fc                TIM1_CC_IRQHandler
                0x080001fc                DMA2_Stream5_IRQHandler
                0x080001fc                HardFault_Handler
                0x080001fc                DMA1_Stream5_IRQHandler
                0x080001fc                SysTick_Handler
                0x080001fc                PVD_IRQHandler
                0x080001fc                SDIO_IRQHandler
                0x080001fc                TAMP_STAMP_IRQHandler
                0x080001fc                PendSV_Handler
                0x080001fc                NMI_Handler
                0x080001fc                CAN2_RX1_IRQHandler
                0x080001fc                EXTI3_IRQHandler
                0x080001fc                TIM8_TRG_COM_TIM14_IRQHandler
                0x080001fc                TIM1_UP_TIM10_IRQHandler
                0x080001fc                HASH_RNG_IRQHandler
                0x080001fc                I2C3_ER_IRQHandler
                0x080001fc                EXTI0_IRQHandler
                0x080001fc                I2C2_EV_IRQHandler
                0x080001fc                DMA1_Stream2_IRQHandler
                0x080001fc                CAN1_RX0_IRQHandler
                0x080001fc                FPU_IRQHandler
                0x080001fc                OTG_HS_WKUP_IRQHandler
                0x080001fc                UsageFault_Handler
                0x080001fc                LTDC_ER_IRQHandler
                0x080001fc                CAN2_SCE_IRQHandler
                0x080001fc                DMA2_Stream2_IRQHandler
                0x080001fc                SPI1_IRQHandler
                0x080001fc                TIM6_DAC_IRQHandler
                0x080001fc                TIM1_BRK_TIM9_IRQHandler
                0x080001fc                DCMI_IRQHandler
                0x080001fc                CAN2_RX0_IRQHandler
                0x080001fc                DMA2_Stream3_IRQHandler
                0x080001fc                USART6_IRQHandler
                0x080001fc                USART3_IRQHandler
                0x080001fc                CRYP_IRQHandler
                0x080001fc                TIM8_UP_TIM13_IRQHandler
                0x080001fc                CAN1_RX1_IRQHandler
                0x080001fc                UART5_IRQHandler
                0x080001fc                DMA2_Stream0_IRQHandler
                0x080001fc                TIM4_IRQHandler
                0x080001fc                I2C1_EV_IRQHandler
                0x080001fc                DMA1_Stream6_IRQHandler
                0x080001fc                DMA1_Stream1_IRQHandler
                0x080001fc                UART4_IRQHandler
                0x080001fc                TIM3_IRQHandler
                0x080001fc                RCC_IRQHandler
                0x080001fc                TIM8_BRK_TIM12_IRQHandler
                0x080001fc                EXTI15_10_IRQHandler
                0x080001fc                ADC_IRQHandler
                0x080001fc                RTC_Alarm_IRQHandler
                0x080001fc                DMA1_Stream7_IRQHandler
                0x080001fc                SPI5_IRQHandler
                0x080001fc                TIM7_IRQHandler
                0x080001fc                CAN2_TX_IRQHandler
                0x080001fc                TIM5_IRQHandler
                0x080001fc                DMA2_Stream7_IRQHandler
                0x080001fc                I2C3_EV_IRQHandler
                0x080001fc                EXTI9_5_IRQHandler
                0x080001fc                RTC_WKUP_IRQHandler
                0x080001fc                LTDC_IRQHandler
                0x080001fc                ETH_WKUP_IRQHandler
                0x080001fc                SPI2_IRQHandler
                0x080001fc                OTG_HS_EP1_IN_IRQHandler
                0x080001fc                MemManage_Handler
                0x080001fc                DMA1_Stream0_IRQHandler
                0x080001fc                CAN1_TX_IRQHandler
                0x080001fc                SVC_Handler
                0x080001fc                EXTI4_IRQHandler
                0x080001fc                ETH_IRQHandler
                0x080001fc                OTG_HS_EP1_OUT_IRQHandler
                0x080001fc                WWDG_IRQHandler
                0x080001fc                SPI6_IRQHandler
                0x080001fc                TIM2_IRQHandler
                0x080001fc                OTG_FS_WKUP_IRQHandler
                0x080001fc                TIM1_TRG_COM_TIM11_IRQHandler
                0x080001fc                OTG_HS_IRQHandler
                0x080001fc                DMA2D_IRQHandler
                0x080001fc                EXTI1_IRQHandler
                0x080001fc                UART7_IRQHandler
                0x080001fc                USART2_IRQHandler
                0x080001fc                I2C2_ER_IRQHandler
                0x080001fc                DMA2_Stream1_IRQHandler
                0x080001fc                CAN1_SCE_IRQHandler
                0x080001fc                FLASH_IRQHandler
                0x080001fc                DMA2_Stream4_IRQHandler
                0x080001fc                BusFault_Handler
                0x080001fc                USART1_IRQHandler
                0x080001fc                OTG_FS_IRQHandler
                0x080001fc                SPI3_IRQHandler
                0x080001fc                DMA1_Stream4_IRQHandler
                0x080001fc                I2C1_ER_IRQHandler
                0x080001fc                FMC_IRQHandler
                0x080001fc                DMA2_Stream6_IRQHandler
                0x080001fc                SAI1_IRQHandler
                0x080001fc                DMA1_Stream3_IRQHandler
 .text          0x0800020c      0x278 ..\obj\system_stm32f4xx.o
                0x0800020c                SystemInit
                0x08000264                SystemCoreClockUpdate
 .text          0x08000484        0xc ..\obj\main.o
                0x08000484                main
 *(.init)
 *(.fini)
 *crtbegin.o(.ctors)
 *crtbegin?.o(.ctors)
 *(EXCLUDE_FILE(*crtend.o *crtend?.o) .ctors)
 *(SORT(.ctors.*))
 *(.ctors)
 *crtbegin.o(.dtors)
 *crtbegin?.o(.dtors)
 *(EXCLUDE_FILE(*crtend.o *crtend?.o) .dtors)
 *(SORT(.dtors.*))
 *(.dtors)
 *(.rodata*)
 *(.eh_fram e*)

.glue_7         0x08000490        0x0
 .glue_7        0x00000000        0x0 linker stubs

.glue_7t        0x08000490        0x0
 .glue_7t       0x00000000        0x0 linker stubs

.vfp11_veneer   0x08000490        0x0
 .vfp11_veneer  0x00000000        0x0 linker stubs

.v4_bx          0x08000490        0x0
 .v4_bx         0x00000000        0x0 linker stubs

.iplt           0x08000490        0x0
 .iplt          0x00000000        0x0 ..\obj\stm32f4xx_gpio.o

.rel.dyn        0x08000490        0x0
 .rel.iplt      0x00000000        0x0 ..\obj\stm32f4xx_gpio.o

.ARM.extab
 *(.ARM.extab* .gnu.linkonce.armextab.*)
                0x08000490                __exidx_start = .

.ARM.exidx
 *(.ARM.exidx* .gnu.linkonce.armexidx.*)
                0x08000490                __exidx_end = .
                0x08000490                __etext = .
                0x08000490                _sidata = __etext

.data           0x20000000       0x14 load address 0x08000490
                0x20000000                __data_start__ = .
                0x20000000                _sdata = __data_start__
 *(vtable)
 *(.data*)
 .data          0x20000000       0x14 ..\obj\system_stm32f4xx.o
                0x20000000                SystemCoreClock
                0x20000004                AHBPrescTable
                0x20000014                . = ALIGN (0x4)
                0x20000014                PROVIDE (__preinit_array_start, .)
 *(.preinit_array)
                0x20000014                PROVIDE (__preinit_array_end, .)
                0x20000014                . = ALIGN (0x4)
                0x20000014                PROVIDE (__init_array_start, .)
 *(SORT(.init_array.*))
 *(.init_array)
                0x20000014                PROVIDE (__init_array_end, .)
                0x20000014                . = ALIGN (0x4)
                0x20000014                PROVIDE (__fini_array_start, .)
 *(SORT(.fini_array.*))
 *(.fini_array)
                0x20000014                PROVIDE (__fini_array_end, .)
 *(.jcr*)
                0x20000014                . = ALIGN (0x4)
                0x20000014                __data_end__ = .
                0x20000014                _edata = __data_end__

.igot.plt       0x20000014        0x0 load address 0x080004a4
 .igot.plt      0x00000000        0x0 ..\obj\stm32f4xx_gpio.o

.bss            0x20000014        0x0
                0x20000014                . = ALIGN (0x4)
                0x20000014                __bss_start__ = .
                0x20000014                _sbss = __bss_start__
 *(.bss*)
 *(COMMON)
                0x20000014                . = ALIGN (0x4)
                0x20000014                __bss_end__ = .
                0x20000014                _ebss = __bss_end__

.heap           0x20000014        0x0
                0x20000014                __end__ = .
                0x20000014                _end = __end__
                0x20000014                end = __end__
 *(.heap*)
                0x20000014                __HeapLimit = .

.co_stack       0x20000014      0x804 load address 0x080004a4
                0x20000018                . = ALIGN (0x8)
 *fill*         0x20000014        0x4 
 *(.co_stack .co_stack.*)
 .co_stack      0x20000018      0x800 ..\obj\startup_stm32f4xx.o
                0x20000018                pulStack
                0x20020000                __StackTop = (ORIGIN (ram) + 0x20000)
                0x2001f7fc                __StackLimit = (__StackTop - SIZEOF (.co_stack))
                0x20020000                PROVIDE (__stack, __StackTop)
                0x00000001                ASSERT ((__StackLimit >= __HeapLimit), region ram  overflowed with stack)
LOAD ..\obj\stm32f4xx_gpio.o
LOAD ..\obj\stm32f4xx_usart.o
LOAD ..\obj\stm32f4xx_dma.o
LOAD ..\obj\stm32f4xx_can.o
LOAD ..\obj\stm32f4xx_cryp_aes.o
LOAD ..\obj\stm32f4xx_ltdc.o
LOAD ..\obj\stm32f4xx_flash.o
LOAD ..\obj\stm32f4xx_spi.o
LOAD ..\obj\stm32f4xx_hash.o
LOAD ..\obj\stm32f4xx_cryp_des.o
LOAD ..\obj\stm32f4xx_dbgmcu.o
LOAD ..\obj\stm32f4xx_crc.o
LOAD ..\obj\misc.o
LOAD ..\obj\stm32f4xx_iwdg.o
LOAD ..\obj\stm32f4xx_adc.o
LOAD ..\obj\stm32f4xx_fmc.o
LOAD ..\obj\stm32f4xx_i2c.o
LOAD ..\obj\stm32f4xx_dac.o
LOAD ..\obj\stm32f4xx_wwdg.o
LOAD ..\obj\stm32f4xx_rtc.o
LOAD ..\obj\stm32f4xx_dcmi.o
LOAD ..\obj\stm32f4xx_syscfg.o
LOAD ..\obj\stm32f4xx_hash_sha1.o
LOAD ..\obj\startup_stm32f4xx.o
LOAD ..\obj\stm32f4xx_rcc.o
LOAD ..\obj\stm32f4xx_sai.o
LOAD ..\obj\stm32f4xx_pwr.o
LOAD ..\obj\stm32f4xx_cryp.o
LOAD ..\obj\stm32f4xx_sdio.o
LOAD ..\obj\stm32f4xx_exti.o
LOAD ..\obj\stm32f4xx_cryp_tdes.o
LOAD ..\obj\system_stm32f4xx.o
LOAD ..\obj\stm32f4xx_rng.o
LOAD ..\obj\stm32f4xx_hash_md5.o
LOAD ..\obj\stm32f4xx_tim.o
LOAD ..\obj\stm32f4xx_dma2d.o
LOAD ..\obj\main.o
START GROUP
LOAD c:/program files (x86)/gnu tools arm embedded/4.9 2015q1/bin/../lib/gcc/arm-none-eabi/4.9.3/armv7e-m\libgcc.a
LOAD c:/program files (x86)/gnu tools arm embedded/4.9 2015q1/bin/../lib/gcc/arm-none-eabi/4.9.3/../../../../arm-none-eabi/lib/armv7e-m\libg.a
LOAD c:/program files (x86)/gnu tools arm embedded/4.9 2015q1/bin/../lib/gcc/arm-none-eabi/4.9.3/../../../../arm-none-eabi/lib/armv7e-m\libc.a
END GROUP
OUTPUT(stm32f429_project.elf elf32-littlearm)

.debug_info     0x00000000      0x754
 .debug_info    0x00000000       0xed ..\obj\startup_stm32f4xx.o
 .debug_info    0x000000ed      0x5bc ..\obj\system_stm32f4xx.o
 .debug_info    0x000006a9       0xab ..\obj\main.o

.debug_abbrev   0x00000000      0x24d
 .debug_abbrev  0x00000000       0xb0 ..\obj\startup_stm32f4xx.o
 .debug_abbrev  0x000000b0      0x136 ..\obj\system_stm32f4xx.o
 .debug_abbrev  0x000001e6       0x67 ..\obj\main.o

.debug_aranges  0x00000000       0x60
 .debug_aranges
                0x00000000       0x20 ..\obj\startup_stm32f4xx.o
 .debug_aranges
                0x00000020       0x20 ..\obj\system_stm32f4xx.o
 .debug_aranges
                0x00000040       0x20 ..\obj\main.o

.debug_line     0x00000000      0x46c
 .debug_line    0x00000000       0xad ..\obj\startup_stm32f4xx.o
 .debug_line    0x000000ad      0x229 ..\obj\system_stm32f4xx.o
 .debug_line    0x000002d6      0x196 ..\obj\main.o

.debug_str      0x00000000      0x47d
 .debug_str     0x00000000      0x13a ..\obj\startup_stm32f4xx.o
                                0x14c (size before relaxing)
 .debug_str     0x0000013a      0x2f7 ..\obj\system_stm32f4xx.o
                                0x3c9 (size before relaxing)
 .debug_str     0x00000431       0x4c ..\obj\main.o
                                0x161 (size before relaxing)

.comment        0x00000000       0x70
 .comment       0x00000000       0x70 ..\obj\startup_stm32f4xx.o
                                 0x71 (size before relaxing)
 .comment       0x00000000       0x71 ..\obj\system_stm32f4xx.o
 .comment       0x00000000       0x71 ..\obj\main.o

.ARM.attributes
                0x00000000       0x33
 .ARM.attributes
                0x00000000       0x33 ..\obj\startup_stm32f4xx.o
 .ARM.attributes
                0x00000033       0x33 ..\obj\system_stm32f4xx.o
 .ARM.attributes
                0x00000066       0x33 ..\obj\main.o

.debug_frame    0x00000000       0xf4
 .debug_frame   0x00000000       0x4c ..\obj\startup_stm32f4xx.o
 .debug_frame   0x0000004c       0x7c ..\obj\system_stm32f4xx.o
 .debug_frame   0x000000c8       0x2c ..\obj\main.o
