Archive member included because of file (symbol)

c:/program files (x86)/gnu tools arm embedded/4.9 2015q1/bin/../lib/gcc/arm-none-eabi/4.9.3/../../../../arm-none-eabi/lib/armv7e-m/fpu\libm.a(lib_a-s_cos.o)
                              ..\obj\tm_stm32f4_gps.o (cos)
c:/program files (x86)/gnu tools arm embedded/4.9 2015q1/bin/../lib/gcc/arm-none-eabi/4.9.3/../../../../arm-none-eabi/lib/armv7e-m/fpu\libm.a(lib_a-s_sin.o)
                              ..\obj\tm_stm32f4_gps.o (sin)
c:/program files (x86)/gnu tools arm embedded/4.9 2015q1/bin/../lib/gcc/arm-none-eabi/4.9.3/../../../../arm-none-eabi/lib/armv7e-m/fpu\libm.a(lib_a-w_atan2.o)
                              ..\obj\tm_stm32f4_gps.o (atan2)
c:/program files (x86)/gnu tools arm embedded/4.9 2015q1/bin/../lib/gcc/arm-none-eabi/4.9.3/../../../../arm-none-eabi/lib/armv7e-m/fpu\libm.a(lib_a-w_pow.o)
                              ..\obj\tm_stm32f4_bmp180.o (pow)
c:/program files (x86)/gnu tools arm embedded/4.9 2015q1/bin/../lib/gcc/arm-none-eabi/4.9.3/../../../../arm-none-eabi/lib/armv7e-m/fpu\libm.a(lib_a-w_sqrt.o)
                              ..\obj\tm_stm32f4_gps.o (sqrt)
c:/program files (x86)/gnu tools arm embedded/4.9 2015q1/bin/../lib/gcc/arm-none-eabi/4.9.3/../../../../arm-none-eabi/lib/armv7e-m/fpu\libm.a(lib_a-e_atan2.o)
                              c:/program files (x86)/gnu tools arm embedded/4.9 2015q1/bin/../lib/gcc/arm-none-eabi/4.9.3/../../../../arm-none-eabi/lib/armv7e-m/fpu\libm.a(lib_a-w_atan2.o) (__ieee754_atan2)
c:/program files (x86)/gnu tools arm embedded/4.9 2015q1/bin/../lib/gcc/arm-none-eabi/4.9.3/../../../../arm-none-eabi/lib/armv7e-m/fpu\libm.a(lib_a-e_pow.o)
                              c:/program files (x86)/gnu tools arm embedded/4.9 2015q1/bin/../lib/gcc/arm-none-eabi/4.9.3/../../../../arm-none-eabi/lib/armv7e-m/fpu\libm.a(lib_a-w_pow.o) (__ieee754_pow)
c:/program files (x86)/gnu tools arm embedded/4.9 2015q1/bin/../lib/gcc/arm-none-eabi/4.9.3/../../../../arm-none-eabi/lib/armv7e-m/fpu\libm.a(lib_a-e_rem_pio2.o)
                              c:/program files (x86)/gnu tools arm embedded/4.9 2015q1/bin/../lib/gcc/arm-none-eabi/4.9.3/../../../../arm-none-eabi/lib/armv7e-m/fpu\libm.a(lib_a-s_cos.o) (__ieee754_rem_pio2)
c:/program files (x86)/gnu tools arm embedded/4.9 2015q1/bin/../lib/gcc/arm-none-eabi/4.9.3/../../../../arm-none-eabi/lib/armv7e-m/fpu\libm.a(lib_a-e_sqrt.o)
                              c:/program files (x86)/gnu tools arm embedded/4.9 2015q1/bin/../lib/gcc/arm-none-eabi/4.9.3/../../../../arm-none-eabi/lib/armv7e-m/fpu\libm.a(lib_a-w_sqrt.o) (__ieee754_sqrt)
c:/program files (x86)/gnu tools arm embedded/4.9 2015q1/bin/../lib/gcc/arm-none-eabi/4.9.3/../../../../arm-none-eabi/lib/armv7e-m/fpu\libm.a(lib_a-k_cos.o)
                              c:/program files (x86)/gnu tools arm embedded/4.9 2015q1/bin/../lib/gcc/arm-none-eabi/4.9.3/../../../../arm-none-eabi/lib/armv7e-m/fpu\libm.a(lib_a-s_cos.o) (__kernel_cos)
c:/program files (x86)/gnu tools arm embedded/4.9 2015q1/bin/../lib/gcc/arm-none-eabi/4.9.3/../../../../arm-none-eabi/lib/armv7e-m/fpu\libm.a(lib_a-k_rem_pio2.o)
                              c:/program files (x86)/gnu tools arm embedded/4.9 2015q1/bin/../lib/gcc/arm-none-eabi/4.9.3/../../../../arm-none-eabi/lib/armv7e-m/fpu\libm.a(lib_a-e_rem_pio2.o) (__kernel_rem_pio2)
c:/program files (x86)/gnu tools arm embedded/4.9 2015q1/bin/../lib/gcc/arm-none-eabi/4.9.3/../../../../arm-none-eabi/lib/armv7e-m/fpu\libm.a(lib_a-k_sin.o)
                              c:/program files (x86)/gnu tools arm embedded/4.9 2015q1/bin/../lib/gcc/arm-none-eabi/4.9.3/../../../../arm-none-eabi/lib/armv7e-m/fpu\libm.a(lib_a-s_cos.o) (__kernel_sin)
c:/program files (x86)/gnu tools arm embedded/4.9 2015q1/bin/../lib/gcc/arm-none-eabi/4.9.3/../../../../arm-none-eabi/lib/armv7e-m/fpu\libm.a(lib_a-s_atan.o)
                              c:/program files (x86)/gnu tools arm embedded/4.9 2015q1/bin/../lib/gcc/arm-none-eabi/4.9.3/../../../../arm-none-eabi/lib/armv7e-m/fpu\libm.a(lib_a-e_atan2.o) (atan)
c:/program files (x86)/gnu tools arm embedded/4.9 2015q1/bin/../lib/gcc/arm-none-eabi/4.9.3/../../../../arm-none-eabi/lib/armv7e-m/fpu\libm.a(lib_a-s_fabs.o)
                              c:/program files (x86)/gnu tools arm embedded/4.9 2015q1/bin/../lib/gcc/arm-none-eabi/4.9.3/../../../../arm-none-eabi/lib/armv7e-m/fpu\libm.a(lib_a-e_atan2.o) (fabs)
c:/program files (x86)/gnu tools arm embedded/4.9 2015q1/bin/../lib/gcc/arm-none-eabi/4.9.3/../../../../arm-none-eabi/lib/armv7e-m/fpu\libm.a(lib_a-s_finite.o)
                              c:/program files (x86)/gnu tools arm embedded/4.9 2015q1/bin/../lib/gcc/arm-none-eabi/4.9.3/../../../../arm-none-eabi/lib/armv7e-m/fpu\libm.a(lib_a-w_pow.o) (finite)
c:/program files (x86)/gnu tools arm embedded/4.9 2015q1/bin/../lib/gcc/arm-none-eabi/4.9.3/../../../../arm-none-eabi/lib/armv7e-m/fpu\libm.a(lib_a-s_floor.o)
[...]
Memory Configuration

Name             Origin             Length             Attributes
rom              0x08000000         0x00100000         xr
ram              0x20000000         0x00020000         xrw
ram1             0x10000000         0x00010000         xrw
*default*        0x00000000         0xffffffff

Linker script and memory map

                0x20020000                _eram = 0x20020000

.text           0x08000000    0x17f14
 *(.isr_vector)
 .isr_vector    0x08000000      0x1ac ..\obj\startup_stm32f4xx.o
                0x08000000                g_pfnVectors
 *(.text*)
 .text          0x080001ac      0x478 ..\obj\stm32f4xx_usart.o
                0x080001ac                USART_DeInit
                0x080002b8                USART_Init
                0x0800037c                USART_StructInit
                0x08000394                USART_ClockInit
                0x080003b8                USART_ClockStructInit
                0x080003c4                USART_Cmd
                0x080003e0                USART_SetPrescaler
                0x080003f4                USART_OverSampling8Cmd
                0x08000410                USART_OneBitMethodCmd
                0x0800042c                USART_SendData
                0x08000434                USART_ReceiveData
                0x0800043c                USART_SetAddress
                0x08000454                USART_ReceiverWakeUpCmd
                0x08000470                USART_WakeUpConfig
                0x08000488                USART_LINBreakDetectLengthConfig
                0x080004a0                USART_LINCmd
                0x080004bc                USART_SendBreak
                0x080004c8                USART_HalfDuplexCmd
                0x080004e4                USART_SetGuardTime
                0x080004f8                USART_SmartCardCmd
                0x08000514                USART_SmartCardNACKCmd
                0x08000530                USART_IrDAConfig
                0x08000548                USART_IrDACmd
                0x08000564                USART_DMACmd
                0x08000578                USART_ITConfig
                0x080005b4                USART_GetFlagStatus
                0x080005c0                USART_ClearFlag
                0x080005c8                USART_GetITStatus
                0x08000614                USART_ClearITPendingBit
 .text          0x08000624      0x938 ..\obj\printf.o
                0x08000624                PrintChar
                0x08000628                PutChar
                0x08000630                PutString
                0x08000654                PutUnsignedInt
                0x080006f0                PutSignedInt
                0x08000854                PutHexa
                0x08000904                vsnprintf
                0x08000bf4                snprintf
                0x08000c10                vsprintf
                0x08000c1c                vfprintf
                0x08000cb4                vprintf
                0x08000d4c                fprintf
                0x08000df4                printf
                0x08000e9c                sprintf
                0x08000ebc                puts
                0x08000ef8                fputc
                0x08000f20                fputs
 .text          0x08000f5c       0x34 ..\obj\tm_stm32f4_bkpsram.o
                0x08000f5c                TM_BKPSRAM_Init
 .text          0x08000f90      0x540 ..\obj\stm32f4xx_rcc.o
                0x08000f90                RCC_DeInit
                0x08000fe0                RCC_HSEConfig
                0x08000ff0                RCC_WaitForHSEStartUp
                0x08001024                RCC_AdjustHSICalibrationValue
                0x08001038                RCC_HSICmd
                0x08001044                RCC_LSEConfig
                0x08001064                RCC_LSICmd
                0x08001070                RCC_PLLConfig
                0x08001094                RCC_PLLCmd
                0x080010a0                RCC_PLLI2SConfig
                0x080010b4                RCC_PLLI2SCmd
                0x080010c0                RCC_PLLSAIConfig
                0x080010d8                RCC_PLLSAICmd
                0x080010e4                RCC_ClockSecuritySystemCmd
                0x080010f0                RCC_MCO1Config
                0x08001104                RCC_MCO2Config
                0x08001118                RCC_SYSCLKConfig
                0x0800112c                RCC_GetSYSCLKSource
                0x0800113c                RCC_HCLKConfig
                0x08001150                RCC_PCLK1Config
                0x08001164                RCC_PCLK2Config
                0x08001178                RCC_GetClocksFreq
                0x08001210                RCC_RTCCLKConfig
                0x08001240                RCC_RTCCLKCmd
                0x0800124c                RCC_BackupResetCmd
                0x08001258                RCC_I2SCLKConfig
                0x08001264                RCC_SAIPLLI2SClkDivConfig
                0x0800127c                RCC_SAIPLLSAIClkDivConfig
                0x08001298                RCC_SAIBlockACLKConfig
                0x080012b0                RCC_SAIBlockBCLKConfig
                0x080012c8                RCC_LTDCCLKDivConfig
                0x080012e0                RCC_TIMCLKPresConfig
                0x080012ec                RCC_AHB1PeriphClockCmd
                0x08001304                RCC_AHB2PeriphClockCmd
                0x0800131c                RCC_AHB3PeriphClockCmd
                0x08001334                RCC_APB1PeriphClockCmd
                0x0800134c                RCC_APB2PeriphClockCmd
                0x08001364                RCC_AHB1PeriphResetCmd
                0x0800137c                RCC_AHB2PeriphResetCmd
                0x08001394                RCC_AHB3PeriphResetCmd
                0x080013ac                RCC_APB1PeriphResetCmd
                0x080013c4                RCC_APB2PeriphResetCmd
                0x080013dc                RCC_AHB1PeriphClockLPModeCmd
                0x080013f4                RCC_AHB2PeriphClockLPModeCmd
                0x0800140c                RCC_AHB3PeriphClockLPModeCmd
                0x08001424                RCC_APB1PeriphClockLPModeCmd
                0x0800143c                RCC_APB2PeriphClockLPModeCmd
                0x08001454                RCC_ITConfig
                0x0800146c                RCC_GetFlagStatus
                0x080014a0                RCC_ClearFlag
                0x080014b0                RCC_GetITStatus
                0x080014c4                RCC_ClearITPendingBit
 .text          0x080014d0      0x180 ..\obj\stm32f4xx_pwr.o
                0x080014d0                PWR_DeInit
                0x080014ec                PWR_BackupAccessCmd
                0x080014f8                PWR_PVDLevelConfig
                0x0800150c                PWR_PVDCmd
                0x08001518                PWR_WakeUpPinCmd
                0x08001524                PWR_BackupRegulatorCmd
                0x08001530                PWR_MainRegulatorModeConfig
                0x08001544                PWR_OverDriveCmd
                0x08001550                PWR_OverDriveSWCmd
                0x0800155c                PWR_UnderDriveCmd
                0x08001578                PWR_FlashPowerDownCmd
                0x08001584                PWR_EnterSTOPMode
                0x080015c4                PWR_EnterUnderDriveSTOPMode
                0x08001604                PWR_EnterSTANDBYMode
                0x0800162c                PWR_GetFlagStatus
                0x08001640                PWR_ClearFlag
 .text          0x08001650     0x1674 ..\obj\tm_stm32f4_usart.o
                0x08001650                TM_USART_Getc
                0x080016d0                TM_USART_Gets
                0x080019e8                TM_USART_BufferEmpty
                0x08001a6c                TM_USART_BufferFull
                0x08001ad4                TM_USART_ClearBuffer
                0x08001b38                TM_USART_SetCustomStringEndCharacter
                0x08001ba4                TM_USART_FindCharacter
                0x08001c28                TM_USART_Puts
                0x08001cac                TM_USART_Send
                0x08001d30                TM_USART_SendByte
                0x08001da4                TM_USART_Send16
                0x08001e28                TM_USART_INT_InsertToBuffer
                0x08001e50                TM_USART_InitCustomPinsCallback
                0x08001e54                TM_USART_Init
                0x0800234c                TM_USART_InitWithFlowControl
                0x08002854                TM_USART_INT_GetUsart
                0x080028b0                TM_USART_INT_GetSubPriority
                0x080028f0                TM_USART1_InitPins
                0x08002954                TM_USART2_InitPins
                0x080029b4                TM_USART3_InitPins
                0x08002a38                TM_UART4_InitPins
                0x08002a98                TM_UART5_InitPins
                0x08002ae8                TM_USART6_InitPins
                0x08002b4c                USART1_IRQHandler
                0x08002b64                USART2_IRQHandler
                0x08002bb4                USART3_IRQHandler
                0x08002c04                UART4_IRQHandler
                0x08002c44                UART5_IRQHandler
                0x08002c84                USART6_IRQHandler
 .text          0x08002cc4      0x408 ..\obj\main.o
                0x08002cec                runTest
                0x08002d08                TM_EXTI_Handler
 .text.startup  0x080030cc      0x2a4 ..\obj\main.o
                0x080030cc                main
 .text          0x08003370      0x2b8 ..\obj\stm32f4xx_gpio.o
                0x08003370                GPIO_DeInit
                0x080034cc                GPIO_Init
                0x08003580                GPIO_StructInit
                0x08003594                GPIO_PinLockConfig
                0x080035b8                GPIO_ReadInputDataBit
                0x080035c4                GPIO_ReadInputData
                0x080035cc                GPIO_ReadOutputDataBit
                0x080035d8                GPIO_ReadOutputData
                0x080035e0                GPIO_SetBits
                0x080035e4                GPIO_ResetBits
                0x080035e8                GPIO_WriteBit
                0x080035f4                GPIO_Write
                0x080035f8                GPIO_ToggleBits
                0x08003600                GPIO_PinAFConfig
 .text          0x08003628      0x158 ..\obj\MAX11060.o
                0x08003628                MAX11060_ADC_Init
                0x080036a4                MAX11060_Set_SampleRate
                0x080036d8                MAX11060_Read_SampleRate
                0x08003710                MAX11060_ADC_ReadAll
                0x08003748                MAX11060_ADC_ReadConfig
 .text          0x08003780      0x848 ..\obj\tm_stm32f4_gpio.o
                0x08003780                TM_GPIO_DeInit
                0x08003844                TM_GPIO_SetPinAsInput
                0x08003908                TM_GPIO_SetPinAsOutput
                0x08003a0c                TM_GPIO_SetPinAsAnalog
                0x08003ad0                TM_GPIO_Lock
                0x08003ae0                TM_GPIO_GetPortSource
                0x08003b70                TM_GPIO_GetPinSource
                0x08003b88                TM_GPIO_INT_EnableClock
                0x08003c84                TM_GPIO_Init
                0x08003d54                TM_GPIO_InitAlternate
                0x08003e14                TM_GPIO_INT_DisableClock
                0x08003f10                TM_GPIO_INT_Init
 .text          0x08003fc8      0x390 ..\obj\stm32f4xx_dma.o
                0x08003fc8                DMA_DeInit
                0x080040f8                DMA_Init
                0x08004168                DMA_StructInit
                0x0800418c                DMA_Cmd
                0x080041a0                DMA_PeriphIncOffsetSizeConfig
                0x080041b4                DMA_FlowControllerConfig
                0x080041c8                DMA_SetCurrDataCounter
                0x080041cc                DMA_GetCurrDataCounter
                0x080041d4                DMA_DoubleBufferModeConfig
                0x080041ec                DMA_DoubleBufferModeCmd
                0x08004200                DMA_MemoryTargetConfig
                0x0800420c                DMA_GetCurrentMemoryTarget
                0x08004214                DMA_GetCmdStatus
                0x0800421c                DMA_GetFIFOStatus
                0x08004224                DMA_GetFlagStatus
                0x08004260                DMA_ClearFlag
                0x08004294                DMA_ITConfig
                0x080042d4                DMA_GetITStatus
                0x08004324                DMA_ClearITPendingBit
 .text          0x08004358      0x3c0 ..\obj\tm_stm32f4_usart_dma.o
                0x08004358                TM_USART_DMA_Init
                0x080043f4                TM_USART_DMA_InitWithStreamAndChannel
                0x080044e8                TM_USART_DMA_Deinit
                0x08004558                TM_USART_DMA_Send
                0x080045f8                TM_USART_DMA_Puts
                0x080046a0                TM_USART_DMA_Sending
 .text          0x08004718      0x30c ..\obj\system.o
                0x08004718                Get_System_State
                0x08004724                Logger_System_Init
                0x08004868                Logger_System_POST
                0x080048c4                Get_Sample_Rate_Conf
                0x08004970                Get_Sample_Rate
                0x0800497c                Set_Sample_Rate
                0x08004988                Get_Measurement_Name
                0x080049d4                Set_Measurement_Name
 .text          0x08004a24      0x3ac ..\obj\stm32f4xx_adc.o
                0x08004a24                ADC_DeInit
                0x08004a40                ADC_Init
                0x08004a90                ADC_StructInit
                0x08004aa4                ADC_CommonInit
                0x08004acc                ADC_CommonStructInit
                0x08004ad8                ADC_Cmd
                0x08004aec                ADC_AnalogWatchdogCmd
                0x08004afc                ADC_AnalogWatchdogThresholdsConfig
                0x08004b04                ADC_AnalogWatchdogSingleChannelConfig
                0x08004b10                ADC_TempSensorVrefintCmd
                0x08004b2c                ADC_VBATCmd
                0x08004b48                ADC_RegularChannelConfig
                0x08004bd4                ADC_SoftwareStartConv
                0x08004be0                ADC_GetSoftwareStartConvStatus
                0x08004be8                ADC_EOCOnEachRegularChannelCmd
                0x08004bfc                ADC_ContinuousModeCmd
                0x08004c10                ADC_DiscModeChannelCountConfig
                0x08004c20                ADC_DiscModeCmd
                0x08004c34                ADC_GetConversionValue
                0x08004c3c                ADC_GetMultiModeConversionValue
                0x08004c48                ADC_DMACmd
                0x08004c5c                ADC_DMARequestAfterLastTransferCmd
                0x08004c70                ADC_MultiModeDMARequestAfterLastTransferCmd
                0x08004c8c                ADC_InjectedChannelConfig
                0x08004ce4                ADC_InjectedSequencerLengthConfig
                0x08004cf4                ADC_SetInjectedOffset
                0x08004d0c                ADC_ExternalTrigInjectedConvConfig
                0x08004d18                ADC_ExternalTrigInjectedConvEdgeConfig
                0x08004d24                ADC_SoftwareStartInjectedConv
                0x08004d30                ADC_GetSoftwareStartInjectedConvCmdStatus
                0x08004d38                ADC_AutoInjectedConvCmd
                0x08004d4c                ADC_InjectedDiscModeCmd
                0x08004d60                ADC_GetInjectedConversionValue
                0x08004d7c                ADC_ITConfig
                0x08004d98                ADC_GetFlagStatus
                0x08004da4                ADC_ClearFlag
                0x08004dac                ADC_GetITStatus
                0x08004dc8                ADC_ClearITPendingBit
 .text          0x08004dd0       0xa0 ..\obj\tm_stm32f4_disco.o
                0x08004dd0                TM_DISCO_LedInit
                0x08004df8                TM_DISCO_ButtonInit
                0x08004e18                TM_DISCO_ButtonOnPressed
                0x08004e44                TM_DISCO_ButtonOnReleased
 .text          0x08004e70      0x224 ..\obj\stm32f4xx_sdio.o
                0x08004e70                SDIO_DeInit
                0x08004e8c                SDIO_Init
                0x08004ec0                SDIO_StructInit
                0x08004ed0                SDIO_ClockCmd
                0x08004edc                SDIO_SetPowerState
                0x08004ee8                SDIO_GetPowerState
                0x08004ef8                SDIO_SendCommand
                0x08004f24                SDIO_CmdStructInit
                0x08004f34                SDIO_GetCommandResponse
                0x08004f40                SDIO_GetResponse
                0x08004f58                SDIO_DataConfig
                0x08004f84                SDIO_DataStructInit
                0x08004f98                SDIO_GetDataCounter
                0x08004fa4                SDIO_ReadData
                0x08004fb0                SDIO_WriteData
                0x08004fbc                SDIO_GetFIFOCount
                0x08004fc8                SDIO_StartSDIOReadWait
                0x08004fd4                SDIO_StopSDIOReadWait
                0x08004fe0                SDIO_SetSDIOReadWaitMode
                0x08004fec                SDIO_SetSDIOOperation
                0x08004ff8                SDIO_SendSDIOSuspendCmd
                0x08005004                SDIO_CommandCompletionCmd
                0x08005010                SDIO_CEATAITCmd
                0x08005024                SDIO_SendCEATACmd
                0x08005030                SDIO_DMACmd
                0x0800503c                SDIO_ITConfig
                0x08005054                SDIO_GetFlagStatus
                0x08005068                SDIO_ClearFlag
                0x08005074                SDIO_GetITStatus
                0x08005088                SDIO_ClearITPendingBit
 .text          0x08005094       0xf8 ..\obj\stm32f4xx_exti.o
                0x08005094                EXTI_DeInit
                0x080050b0                EXTI_Init
                0x0800512c                EXTI_StructInit
                0x0800513c                EXTI_GenerateSWInterrupt
                0x0800514c                EXTI_GetFlagStatus
                0x08005160                EXTI_ClearFlag
                0x0800516c                EXTI_GetITStatus
                0x08005180                EXTI_ClearITPendingBit
 .text          0x0800518c      0xcd0 ..\obj\tm_stm32f4_spi.o
                0x08005468                TM_SPI_Init
                0x0800574c                TM_SPI_InitWithMode
                0x08005890                TM_SPI_InitFull
                0x080059cc                TM_SPI_GetPrescalerFromMaxFrequency
                0x08005a60                TM_SPI_Send
                0x08005a84                TM_SPI_SendMulti
                0x08005ac0                TM_SPI_WriteMulti
                0x08005af8                TM_SPI_ReadMulti
                0x08005b30                TM_SPI_Send16
                0x08005b50                TM_SPI_SendMulti16
                0x08005b90                TM_SPI_WriteMulti16
                0x08005bc8                TM_SPI_ReadMulti16
                0x08005c00                TM_SPI1_INT_InitPins
                0x08005c60                TM_SPI2_INT_InitPins
                0x08005cec                TM_SPI3_INT_InitPins
                0x08005d50                TM_SPI4_INT_InitPins
                0x08005db0                TM_SPI5_INT_InitPins
                0x08005e1c                TM_SPI6_INT_InitPins
 .text          0x08005e5c      0x32c ..\obj\serial_communication.o
                0x08005e5c                TM_USART1_ReceiveHandler
 .text          0x08006188       0x54 ..\obj\diskio.o
                0x08006188                disk_initialize
                0x08006194                disk_status
                0x080061a0                disk_read
                0x080061b0                disk_write
                0x080061c4                disk_ioctl
                0x080061d4                get_fattime
 .text          0x080061dc     0x2d6c ..\obj\fatfs_sd_sdio.o
                0x08006584                TM_FATFS_SDIO_WriteEnabled
                0x08006588                TM_FATFS_SD_SDIO_disk_status
                0x080065c4                TM_FATFS_SD_SDIO_disk_ioctl
                0x080065e0                SDIO_IRQHandler
                0x08006688                DMA2_Stream3_IRQHandler
                0x080066b0                SD_GetStatus
                0x08006718                SD_GetState
                0x08006778                SD_Detect
                0x08006798                SD_PowerON
                0x080069a8                SD_PowerOFF
                0x080069b4                SD_InitializeCards
                0x08006b28                SD_GetCardInfo
                0x08006dfc                SD_GetCardStatus
                0x08007004                SD_EnableWideBusOperation
                0x08007150                SD_SelectDeselect
                0x08007260                SD_Init
                0x08007300                SD_ReadBlock
                0x08007460                SD_ReadMultiBlocks
                0x080075c0                SD_ReadMultiBlocksFIXED
                0x08007734                SD_WaitReadOperation
                0x08007944                TM_FATFS_SD_SDIO_disk_read
                0x08007aac                SD_WriteBlock
                0x08007c04                SD_WriteMultiBlocks
                0x08007da8                SD_WriteMultiBlocksFIXED
                0x08008064                SD_WaitWriteOperation
                0x080082d8                TM_FATFS_SD_SDIO_disk_write
                0x0800845c                SD_GetTransferState
                0x08008470                SD_StopTransfer
                0x08008580                SD_Erase
                0x080086c8                SD_SendStatus
                0x080087f4                SD_SendSDStatus
                0x08008960                SD_ProcessIRQSrc
                0x08008a08                SD_ProcessDMAIRQ
                0x08008a30                convert_from_bytes_to_power_of_two
                0x08008a48                SD_HighSpeed
                0x08008bb8                SD_LowLevel_DeInit
                0x08008c54                SD_DeInit
                0x08008c58                SD_LowLevel_Init
                0x08008d08                TM_FATFS_SD_SDIO_disk_initialize
                0x08008e00                SD_LowLevel_DMA_TxConfig
                0x08008ea0                SD_LowLevel_DMA_RxConfig
 .text          0x08008f48      0x328 ..\obj\tm_stm32f4_exti.o
                0x08008f48                TM_EXTI_Attach
                0x080090f0                TM_EXTI_Detach
                0x08009114                EXTI0_IRQHandler
                0x0800912c                EXTI1_IRQHandler
                0x08009144                EXTI2_IRQHandler
                0x0800915c                EXTI3_IRQHandler
                0x08009174                EXTI4_IRQHandler
                0x0800918c                EXTI9_5_IRQHandler
                0x080091f0                EXTI15_10_IRQHandler
 .text          0x08009270      0x410 ..\obj\stm32f4xx_spi.o
                0x08009270                SPI_I2S_DeInit
                0x08009340                SPI_Init
                0x08009390                I2S_Init
                0x0800947c                SPI_StructInit
                0x08009494                I2S_StructInit
                0x080094a4                SPI_Cmd
                0x080094c0                I2S_Cmd
                0x080094dc                SPI_DataSizeConfig
                0x080094f4                SPI_BiDirectionalLineConfig
                0x08009514                SPI_NSSInternalSoftwareConfig
                0x08009534                SPI_SSOutputCmd
                0x08009550                SPI_TIModeCmd
                0x0800956c                I2S_FullDuplexConfig
                0x080095b4                SPI_I2S_ReceiveData
                0x080095bc                SPI_I2S_SendData
                0x080095c0                SPI_CalculateCRC
                0x080095dc                SPI_TransmitCRC
                0x080095e8                SPI_GetCRC
                0x080095f4                SPI_GetCRCPolynomial
                0x080095fc                SPI_I2S_DMACmd
                0x08009610                SPI_I2S_ITConfig
                0x08009630                SPI_I2S_GetFlagStatus
                0x0800963c                SPI_I2S_ClearFlag
                0x08009644                SPI_I2S_GetITStatus
                0x08009670                SPI_I2S_ClearITPendingBit
 .text          0x08009680       0x78 ..\obj\unicode.o
                0x08009680                ff_convert
                0x080096c8                ff_wtoupper
 .text          0x080096f8      0xeb0 ..\obj\stm32f4xx_rtc.o
                0x080096f8                RTC_DeInit
                0x080097e8                RTC_Init
                0x08009868                RTC_StructInit
                0x08009874                RTC_WriteProtectionCmd
                0x0800988c                RTC_EnterInitMode
                0x080098d0                RTC_ExitInitMode
                0x080098e0                RTC_WaitForSynchro
                0x08009924                RTC_RefClockCmd
                0x080099a0                RTC_BypassShadowCmd
                0x080099d0                RTC_SetTime
                0x08009b20                RTC_TimeStructInit
                0x08009b2c                RTC_GetTime
                0x08009b88                RTC_GetSubSecond
                0x08009b94                RTC_SetDate
                0x08009cd8                RTC_DateStructInit
                0x08009ce8                RTC_GetDate
                0x08009d40                RTC_SetAlarm
                0x08009e4c                RTC_AlarmStructInit
                0x08009e5c                RTC_GetAlarm
                0x08009ee8                RTC_AlarmCmd
                0x08009f44                RTC_AlarmSubSecondConfig
                0x08009f6c                RTC_GetAlarmSubSecond
                0x08009f84                RTC_WakeUpClockConfig
                0x08009fa8                RTC_SetWakeUpCounter
                0x08009fc4                RTC_GetWakeUpCounter
                0x08009fd0                RTC_WakeUpCmd
                0x0800a028                RTC_DayLightSavingConfig
                0x0800a054                RTC_GetStoreOperation
                0x0800a064                RTC_OutputConfig
                0x0800a090                RTC_CoarseCalibConfig
                0x0800a0f4                RTC_CoarseCalibCmd
                0x0800a170                RTC_CalibOutputCmd
                0x0800a1a0                RTC_CalibOutputConfig
                0x0800a1c4                RTC_SmoothCalibConfig
                0x0800a210                RTC_TimeStampCmd
                0x0800a244                RTC_GetTimeStamp
                0x0800a2fc                RTC_GetTimeStampSubSecond
                0x0800a308                RTC_TamperTriggerConfig
                0x0800a324                RTC_TamperCmd
                0x0800a33c                RTC_TamperFilterConfig
                0x0800a354                RTC_TamperSamplingFreqConfig
                0x0800a36c                RTC_TamperPinsPrechargeDuration
                0x0800a384                RTC_TimeStampOnTamperDetectionCmd
                0x0800a3a0                RTC_TamperPullUpCmd
                0x0800a3bc                RTC_WriteBackupRegister
                0x0800a3dc                RTC_ReadBackupRegister
                0x0800a3fc                RTC_TamperPinSelection
                0x0800a414                RTC_TimeStampPinSelection
                0x0800a42c                RTC_OutputTypeConfig
                0x0800a444                RTC_SynchroShiftConfig
                0x0800a4dc                RTC_ITConfig
                0x0800a528                RTC_GetFlagStatus
                0x0800a544                RTC_ClearFlag
                0x0800a560                RTC_GetITStatus
                0x0800a58c                RTC_ClearITPendingBit
 .text          0x0800a5a8       0x5c ..\obj\startup_stm32f4xx.o
                0x0800a5a8                HASH_RNG_IRQHandler
                0x0800a5a8                TIM8_CC_IRQHandler
                0x0800a5a8                DebugMon_Handler
                0x0800a5a8                UART8_IRQHandler
                0x0800a5a8                SPI4_IRQHandler
                0x0800a5a8                TIM1_CC_IRQHandler
                0x0800a5a8                DMA2_Stream5_IRQHandler
                0x0800a5a8                DMA1_Stream5_IRQHandler
                0x0800a5a8                PVD_IRQHandler
                0x0800a5a8                TAMP_STAMP_IRQHandler
                0x0800a5a8                PendSV_Handler
                0x0800a5a8                NMI_Handler
                0x0800a5a8                CAN2_RX1_IRQHandler
                0x0800a5a8                TIM8_TRG_COM_TIM14_IRQHandler
                0x0800a5a8                TIM1_UP_TIM10_IRQHandler
                0x0800a5a8                TIM8_UP_TIM13_IRQHandler
                0x0800a5a8                I2C3_ER_IRQHandler
                0x0800a5a8                I2C2_EV_IRQHandler
                0x0800a5a8                DMA1_Stream2_IRQHandler
                0x0800a5a8                CAN1_RX0_IRQHandler
                0x0800a5a8                FPU_IRQHandler
                0x0800a5a8                OTG_HS_WKUP_IRQHandler
                0x0800a5a8                UsageFault_Handler
                0x0800a5a8                LTDC_ER_IRQHandler
                0x0800a5a8                CAN2_SCE_IRQHandler
                0x0800a5a8                DMA2_Stream2_IRQHandler
                0x0800a5a8                SPI1_IRQHandler
                0x0800a5a8                TIM6_DAC_IRQHandler
                0x0800a5a8                TIM1_BRK_TIM9_IRQHandler
                0x0800a5a8                DCMI_IRQHandler
                0x0800a5a8                CAN2_RX0_IRQHandler
                0x0800a5a8                CRYP_IRQHandler
                0x0800a5a8                SAI1_IRQHandler
                0x0800a5a8                CAN1_RX1_IRQHandler
                0x0800a5a8                DMA2_Stream0_IRQHandler
                0x0800a5a8                TIM4_IRQHandler
                0x0800a5a8                I2C1_EV_IRQHandler
                0x0800a5a8                DMA1_Stream6_IRQHandler
                0x0800a5a8                DMA1_Stream1_IRQHandler
                0x0800a5a8                TIM3_IRQHandler
                0x0800a5a8                RCC_IRQHandler
                0x0800a5a8                TIM8_BRK_TIM12_IRQHandler
                0x0800a5a8                ADC_IRQHandler
                0x0800a5a8                DMA2_Stream6_IRQHandler
                0x0800a5a8                DMA1_Stream7_IRQHandler
                0x0800a5a8                SPI5_IRQHandler
                0x0800a5a8                TIM7_IRQHandler
                0x0800a5a8                CAN2_TX_IRQHandler
                0x0800a5a8                TIM5_IRQHandler
                0x0800a5a8                DMA2_Stream7_IRQHandler
                0x0800a5a8                I2C3_EV_IRQHandler
                0x0800a5a8                LTDC_IRQHandler
                0x0800a5a8                ETH_WKUP_IRQHandler
                0x0800a5a8                SPI2_IRQHandler
                0x0800a5a8                OTG_HS_EP1_IN_IRQHandler
                0x0800a5a8                MemManage_Handler
                0x0800a5a8                DMA1_Stream0_IRQHandler
                0x0800a5a8                CAN1_TX_IRQHandler
                0x0800a5a8                SVC_Handler
                0x0800a5a8                ETH_IRQHandler
                0x0800a5a8                OTG_HS_EP1_OUT_IRQHandler
                0x0800a5a8                WWDG_IRQHandler
                0x0800a5a8                SPI6_IRQHandler
                0x0800a5a8                TIM2_IRQHandler
                0x0800a5a8                OTG_FS_WKUP_IRQHandler
                0x0800a5a8                TIM1_TRG_COM_TIM11_IRQHandler
                0x0800a5a8                OTG_HS_IRQHandler
                0x0800a5a8                DMA2D_IRQHandler
                0x0800a5a8                UART7_IRQHandler
                0x0800a5a8                I2C2_ER_IRQHandler
                0x0800a5a8                DMA2_Stream1_IRQHandler
                0x0800a5a8                CAN1_SCE_IRQHandler
                0x0800a5a8                FLASH_IRQHandler
                0x0800a5a8                DMA2_Stream4_IRQHandler
                0x0800a5a8                BusFault_Handler
                0x0800a5a8                OTG_FS_IRQHandler
                0x0800a5a8                SPI3_IRQHandler
                0x0800a5a8                DMA1_Stream4_IRQHandler
                0x0800a5a8                I2C1_ER_IRQHandler
                0x0800a5a8                FMC_IRQHandler
                0x0800a5a8                DMA1_Stream3_IRQHandler
                0x0800a5ac                Reset_Handler
                0x0800a5ac                Default_Reset_Handler
 .text          0x0800a604     0x11c4 ..\obj\tm_stm32f4_rtc.o
                0x0800a604                TM_RTC_Init
                0x0800a778                TM_RTC_SetDateTime
                0x0800a970                TM_RTC_SetDateTimeString
                0x0800ab9c                TM_RTC_GetDateTime
                0x0800ae00                TM_RTC_GetDaysInMonth
                0x0800ae6c                TM_RTC_GetDaysInYear
                0x0800aebc                TM_RTC_Config
                0x0800af10                TM_RTC_Interrupts
                0x0800b010                TM_RTC_GetUnixTimeStamp
                0x0800b1f4                TM_RTC_GetDateTimeFromUnix
                0x0800b560                TM_RTC_SetAlarm
                0x0800b6a8                TM_RTC_DisableAlarm
                0x0800b730                TM_RTC_WriteBackupRegister
                0x0800b740                TM_RTC_ReadBackupRegister
                0x0800b754                TM_RTC_RequestHandler
                0x0800b758                TM_RTC_AlarmAHandler
                0x0800b75c                TM_RTC_AlarmBHandler
                0x0800b760                RTC_WKUP_IRQHandler
                0x0800b788                RTC_Alarm_IRQHandler
 .text          0x0800b7c8      0x174 ..\obj\system_stm32f4xx.o
                0x0800b7c8                SystemInit
                0x0800b8c8                SystemCoreClockUpdate
 .text          0x0800b93c     0x1804 ..\obj\unity.o
                0x0800b93c                UnityPrint
                0x0800bbf4                UnityPrintNumberByStyle
                0x0800bdac                UnityPrintNumber
                0x0800be8c                UnityPrintNumberUnsigned
                0x0800bf44                UnityPrintNumberHex
                0x0800bf7c                UnityPrintMask
                0x0800bfbc                UnityPrintFail
                0x0800bfc8                UnityPrintOk
                0x0800bfd4                UnityConcludeTest
                0x0800c120                UnityAssertBits
                0x0800c184                UnityAssertEqualNumber
                0x0800c1e8                UnityAssertEqualIntArray
                0x0800c418                UnityAssertEqualFloatArray
                0x0800c644                UnityAssertFloatsWithin
                0x0800c694                UnityAssertFloatSpecial
                0x0800c7ac                UnityAssertNumbersWithin
                0x0800c850                UnityAssertEqualString
                0x0800c8c4                UnityAssertEqualStringArray
                0x0800c9c4                UnityAssertEqualMemory
                0x0800cc40                UnityFail
                0x0800cc90                UnityIgnore
                0x0800cce0                UnityDefaultTestRun
                0x0800ce54                UnityBegin
                0x0800ce70                UnityEnd
 .text.unlikely
                0x0800d140       0x88 ..\obj\unity.o
 .text          0x0800d1c8      0x3ec ..\obj\tm_stm32f4_spi_dma.o
                0x0800d1c8                TM_SPI_DMA_Init
                0x0800d270                TM_SPI_DMA_InitWithStreamAndChannel
                0x0800d390                TM_SPI_DMA_Deinit
                0x0800d3fc                TM_SPI_DMA_Transmit
                0x0800d53c                TM_SPI_DMA_Working
 .text          0x0800d5b4       0x28 ..\obj\sh_cmd.o
                0x0800d5b4                SH_DoCommand
                0x0800d5c6                HardFault_Handler
 .text          0x0800d5dc     0x89d4 ..\obj\ff.o
                0x0801011c                clust2sect
                0x08010134                get_fat
                0x0801039c                put_fat
                0x0801065c                f_mount
                0x080106d4                f_open
                0x08011020                f_read
                0x0801107c                f_write
                0x0801133c                f_sync
                0x08011470                f_close
                0x080115c4                f_chdrive
                0x08011608                f_chdir
                0x08011b60                f_getcwd
                0x08011d78                f_lseek
                0x08011ef8                f_opendir
                0x08012470                f_closedir
                0x080124a0                f_readdir
                0x08012518                f_findnext
                0x080125e8                f_findfirst
                0x08012b70                f_stat
                0x080130c4                f_getfree
                0x08013228                f_truncate
                0x08013618                f_unlink
                0x08013804                f_mkdir
                0x08013d9c                f_chmod
                0x0801431c                f_rename
                0x0801460c                f_utime
                0x08014b88                f_getlabel
                0x08015258                f_setlabel
                0x080153f0                f_gets
                0x08015474                f_putc
                0x080154c8                f_puts
                0x0801557c                f_printf
 .text          0x08015fb0       0x7c ..\obj\semihosting.o
                0x08015fb0                SH_SendChar
                0x08015fec                SH_SendString
                0x08015ff8                SH_GetChar
 .text          0x0801602c       0xc8 ..\obj\misc.o
                0x0801602c                NVIC_PriorityGroupConfig
                0x08016040                NVIC_Init
                0x080160b0                NVIC_SetVectorTable
                0x080160c4                NVIC_SystemLPConfig
                0x080160dc                SysTick_CLKSourceConfig
 .text          0x080160f4      0x124 ..\obj\tm_stm32f4_fatfs.o
                0x080160f4                TM_FATFS_DriveSize
                0x0801612c                TM_FATFS_USBDriveSize
                0x08016164                TM_FATFS_TruncateBeginning
                0x08016214                TM_FATFS_CheckCardDetectPin
 .text          0x08016218       0xd4 ..\obj\file_handler.o
                0x08016218                Gen_Filename
                0x08016270                File_Handler_Init
                0x0801627c                Gen_File_Footer
                0x0801629c                Get_FileSystem_Label
                0x080162b8                Mount_File_System
                0x080162e0                Is_File_System_Mounted
 .text          0x080162ec       0xb0 ..\obj\tm_stm32f4_delay.o
                0x080162ec                SysTick_Handler
                0x0801630c                TM_DELAY_Init
                0x08016370                TM_DELAY_EnableDelayTimer
                0x0801638c                TM_DELAY_DisableDelayTimer
 .text          0x0801639c      0x1ac ..\obj\myTests.o
                0x0801639c                setUp
                0x080163e0                tearDown
                0x080163e4                testWillAlwaysPass
                0x08016400                testWillAlwaysFail
                0x08016428                memcpyTest
                0x0801645c                switchActiveBufferTest
 .text          0x08016548       0xec ..\obj\led.o
                0x08016548                STATUS_LedInit
                0x08016598                SET_STATUS_LED
                0x08016628                GET_STATUS_LED
 .text          0x08016634      0x90c ..\obj\tm_stm32f4_adc.o
                0x08016634                TM_ADC_Init
                0x08016a08                TM_ADC_InitADC
                0x08016a9c                TM_ADC_Read
                0x08016abc                TM_ADC_EnableVbat
                0x08016acc                TM_ADC_DisableVbat
                0x08016adc                TM_ADC_ReadVbat
                0x08016b18                TM_ADC_INT_Channel_0_Init
                0x08016b38                TM_ADC_INT_Channel_1_Init
                0x08016b58                TM_ADC_INT_Channel_2_Init
                0x08016b7c                TM_ADC_INT_Channel_3_Init
                0x08016ba0                TM_ADC_INT_Channel_4_Init
                0x08016c00                TM_ADC_INT_Channel_5_Init
                0x08016c60                TM_ADC_INT_Channel_6_Init
                0x08016cc0                TM_ADC_INT_Channel_7_Init
                0x08016d20                TM_ADC_INT_Channel_8_Init
                0x08016d80                TM_ADC_INT_Channel_9_Init
                0x08016ddc                TM_ADC_INT_Channel_10_Init
                0x08016dfc                TM_ADC_INT_Channel_11_Init
                0x08016e1c                TM_ADC_INT_Channel_12_Init
                0x08016e40                TM_ADC_INT_Channel_13_Init
                0x08016e64                TM_ADC_INT_Channel_14_Init
                0x08016ec4                TM_ADC_INT_Channel_15_Init
                0x08016f24                TM_ADC_INT_InitPin
 .text.atoi     0x08016f40        0x8 c:/program files (x86)/gnu tools arm embedded/4.9 2015q1/bin/../lib/gcc/arm-none-eabi/4.9.3/../../../../arm-none-eabi/lib/armv7e-m/fpu\libc.a(lib_a-atoi.o)
                0x08016f40                atoi
 .text          0x08016f48      0x134 c:/program files (x86)/gnu tools arm embedded/4.9 2015q1/bin/../lib/gcc/arm-none-eabi/4.9.3/../../../../arm-none-eabi/lib/armv7e-m/fpu\libc.a(lib_a-memcpy.o)
                0x08016f48                memcpy
 .text.memset   0x0801707c       0x9c c:/program files (x86)/gnu tools arm embedded/4.9 2015q1/bin/../lib/gcc/arm-none-eabi/4.9.3/../../../../arm-none-eabi/lib/armv7e-m/fpu\libc.a(lib_a-memset.o)
                0x0801707c                memset
 .text          0x08017118       0x1c c:/program files (x86)/gnu tools arm embedded/4.9 2015q1/bin/../lib/gcc/arm-none-eabi/4.9.3/../../../../arm-none-eabi/lib/armv7e-m/fpu\libc.a(lib_a-setjmp.o)
                0x08017118                setjmp
                0x08017124                longjmp
 .text.strlen   0x08017134       0x5c c:/program files (x86)/gnu tools arm embedded/4.9 2015q1/bin/../lib/gcc/arm-none-eabi/4.9.3/../../../../arm-none-eabi/lib/armv7e-m/fpu\libc.a(lib_a-strlen.o)
                0x08017134                strlen
 .text.strncmp  0x08017190       0x98 c:/program files (x86)/gnu tools arm embedded/4.9 2015q1/bin/../lib/gcc/arm-none-eabi/4.9.3/../../../../arm-none-eabi/lib/armv7e-m/fpu\libc.a(lib_a-strncmp.o)
                0x08017190                strncmp
 .text._strtol_r
                0x08017228      0x11c c:/program files (x86)/gnu tools arm embedded/4.9 2015q1/bin/../lib/gcc/arm-none-eabi/4.9.3/../../../../arm-none-eabi/lib/armv7e-m/fpu\libc.a(lib_a-strtol.o)
                0x08017228                _strtol_r
 .text.strtol   0x08017344       0x18 c:/program files (x86)/gnu tools arm embedded/4.9 2015q1/bin/../lib/gcc/arm-none-eabi/4.9.3/../../../../arm-none-eabi/lib/armv7e-m/fpu\libc.a(lib_a-strtol.o)
                0x08017344                strtol
 *(.init)
 *(.fini)
 *crtbegin.o(.ctors)
 *crtbegin?.o(.ctors)
 *(EXCLUDE_FILE(*crtend.o *crtend?.o) .ctors)
 *(SORT(.ctors.*))
 *(.ctors)
 *crtbegin.o(.dtors)
 *crtbegin?.o(.dtors)
 *(EXCLUDE_FILE(*crtend.o *crtend?.o) .dtors)
 *(SORT(.dtors.*))
 *(.dtors)
 *(.rodata*)
 .rodata.str1.4
                0x0801735c       0x24 ..\obj\printf.o
 .rodata        0x08017380       0x14 ..\obj\main.o
                0x08017380                FW_VERSION
 .rodata.str1.4
                0x08017394      0x127 ..\obj\main.o
                                0x12c (size before relaxing)
 *fill*         0x080174bb        0x1 
 .rodata.str1.4
                0x080174bc       0x57 ..\obj\system.o
                                 0x58 (size before relaxing)
 *fill*         0x08017513        0x1 
 .rodata.str1.4
                0x08017514      0x157 ..\obj\serial_communication.o
                                0x15c (size before relaxing)
 *fill*         0x0801766b        0x1 
 .rodata        0x0801766c      0x4c0 ..\obj\unicode.o
 .rodata        0x08017b2c      0x1f8 ..\obj\unity.o
                0x08017b2c                UnityStrSpacer
                0x08017b30                UnityStrExpected
                0x08017b3c                UnityStrNull
                0x08017b44                UnityStrWas
                0x08017b4c                UnityStrFail
                0x08017b54                UnityStrNullPointerForExpected
                0x08017b74                UnitySizeMask
                0x08017b90                UnityStrOk
                0x08017b94                UnityStrPass
                0x08017b9c                UnityStrPointless
                0x08017bd4                UnityStrNullPointerForActual
                0x08017bf0                UnityStrElement
                0x08017bfc                UnityStrDelta
                0x08017c28                UnityStrNot
                0x08017c30                UnityStrMemory
                0x08017c44                UnityStrByte
                0x08017c4c                UnityStrIgnore
                0x08017c54                UnityStrBreaker
                0x08017c6c                UnityStrResultsTests
                0x08017c74                UnityStrResultsFailures
                0x08017c80                UnityStrResultsIgnored
                0x08017c8c                UnityStrErr64
                0x08017cac                UnityStrErrDouble
                0x08017ccc                UnityStrErrFloat
                0x08017cec                UnityStrDet
                0x08017cf8                UnityStrNaN
                0x08017cfc                UnityStrNegInf
                0x08017d10                UnityStrInf
                0x08017d1c                UnityStrTo
 .rodata        0x08017d24       0x90 ..\obj\ff.o
 .rodata.str1.4
                0x08017db4       0x24 ..\obj\ff.o
 .rodata.str1.4
                0x08017dd8        0x7 ..\obj\tm_stm32f4_fatfs.o
                                  0x8 (size before relaxing)
 *fill*         0x08017ddf        0x1 
 .rodata.str1.4
                0x08017de0       0x2a ..\obj\file_handler.o
                                 0x30 (size before relaxing)
 *fill*         0x08017e0a        0x2 
 .rodata._ctype_
                0x08017e0c      0x104 c:/program files (x86)/gnu tools arm embedded/4.9 2015q1/bin/../lib/gcc/arm-none-eabi/4.9.3/../../../../arm-none-eabi/lib/armv7e-m/fpu\libc.a(lib_a-ctype_.o)
                0x08017e0c                _ctype_
 .rodata.str1.4
                0x08017f10        0x4 c:/program files (x86)/gnu tools arm embedded/4.9 2015q1/bin/../lib/gcc/arm-none-eabi/4.9.3/../../../../arm-none-eabi/lib/armv7e-m/fpu\libc.a(lib_a-impure.o)
 *(.eh_fram e*)

.glue_7         0x08017f14        0x0
 .glue_7        0x00000000        0x0 linker stubs

.glue_7t        0x08017f14        0x0
 .glue_7t       0x00000000        0x0 linker stubs

.vfp11_veneer   0x08017f14        0x0
 .vfp11_veneer  0x00000000        0x0 linker stubs

.v4_bx          0x08017f14        0x0
 .v4_bx         0x00000000        0x0 linker stubs

.iplt           0x08017f14        0x0
 .iplt          0x00000000        0x0 ..\obj\stm32f4xx_usart.o

.rel.dyn        0x08017f14        0x0
 .rel.iplt      0x00000000        0x0 ..\obj\stm32f4xx_usart.o

.ARM.extab
 *(.ARM.extab* .gnu.linkonce.armextab.*)
                0x08017f14                __exidx_start = .

.ARM.exidx
 *(.ARM.exidx* .gnu.linkonce.armexidx.*)
                0x08017f14                __exidx_end = .
                0x08017f14                __etext = .
                0x08017f14                _sidata = __etext

.data           0x20000000      0x564 load address 0x08017f14
                0x20000000                __data_start__ = .
                0x20000000                _sdata = __data_start__
 *(vtable)
 *(.data*)
 .data          0x20000000       0x10 ..\obj\stm32f4xx_rcc.o
 .data          0x20000010       0x60 ..\obj\tm_stm32f4_usart.o
                0x20000010                TM_USART1
                0x20000020                TM_USART6
                0x20000030                TM_UART5
                0x20000040                TM_UART4
                0x20000050                TM_USART3
                0x20000060                TM_USART2
 .data          0x20000070       0x30 ..\obj\tm_stm32f4_usart_dma.o
 .data          0x200000a0        0x1 ..\obj\fatfs_sd_sdio.o
 *fill*         0x200000a1        0x3 
 .data          0x200000a4       0x18 ..\obj\tm_stm32f4_rtc.o
                0x200000a4                TM_RTC_Months
 .data          0x200000bc       0x14 ..\obj\system_stm32f4xx.o
                0x200000bc                AHBPrescTable
                0x200000cc                SystemCoreClock
 .data          0x200000d0       0x60 ..\obj\tm_stm32f4_spi_dma.o
 .data.__ctype_ptr__
                0x20000130        0x4 c:/program files (x86)/gnu tools arm embedded/4.9 2015q1/bin/../lib/gcc/arm-none-eabi/4.9.3/../../../../arm-none-eabi/lib/armv7e-m/fpu\libc.a(lib_a-ctype_.o)
                0x20000130                __ctype_ptr__
 *fill*         0x20000134        0x4 
 .data.impure_data
                0x20000138      0x428 c:/program files (x86)/gnu tools arm embedded/4.9 2015q1/bin/../lib/gcc/arm-none-eabi/4.9.3/../../../../arm-none-eabi/lib/armv7e-m/fpu\libc.a(lib_a-impure.o)
 .data._impure_ptr
                0x20000560        0x4 c:/program files (x86)/gnu tools arm embedded/4.9 2015q1/bin/../lib/gcc/arm-none-eabi/4.9.3/../../../../arm-none-eabi/lib/armv7e-m/fpu\libc.a(lib_a-impure.o)
                0x20000560                _impure_ptr
                0x20000564                . = ALIGN (0x4)
                0x20000564                PROVIDE (__preinit_array_start, .)
 *(.preinit_array)
                0x20000564                PROVIDE (__preinit_array_end, .)
                0x20000564                . = ALIGN (0x4)
                0x20000564                PROVIDE (__init_array_start, .)
 *(SORT(.init_array.*))
 *(.init_array)
                0x20000564                PROVIDE (__init_array_end, .)
                0x20000564                . = ALIGN (0x4)
                0x20000564                PROVIDE (__fini_array_start, .)
 *(SORT(.fini_array.*))
 *(.fini_array)
                0x20000564                PROVIDE (__fini_array_end, .)
 *(.jcr*)
                0x20000564                . = ALIGN (0x4)
                0x20000564                __data_end__ = .
                0x20000564                _edata = __data_end__

.igot.plt       0x20000564        0x0 load address 0x08018478
 .igot.plt      0x00000000        0x0 ..\obj\stm32f4xx_usart.o

.bss            0x20000580    0x19960 load address 0x080184a0
                0x20000580                . = ALIGN (0x4)
                0x20000580                __bss_start__ = .
                0x20000580                _sbss = __bss_start__
 *(.bss*)
 .bss           0x20000580       0x10 ..\obj\main.o
                0x20000580                sampling_state
                0x20000581                transfer_data_flag
                0x20000584                write_counter
                0x20000588                sample_counter
                0x2000058c                counter
                0x2000058d                ser_input_cntr
 .bss           0x20000590       0x3c ..\obj\tm_stm32f4_usart_dma.o
 .bss           0x200005cc        0x1 ..\obj\system.o
 .bss           0x200005cd        0x1 ..\obj\tm_stm32f4_disco.o
 *fill*         0x200005ce        0x2 
 .bss           0x200005d0      0x258 ..\obj\serial_communication.o
 .bss           0x20000828       0x48 ..\obj\fatfs_sd_sdio.o
                0x2000082c                TransferError
                0x20000830                TransferEnd
                0x20000834                DMAEndOfTransfer
                0x2000086c                StopCondition
 .bss           0x20000870        0x4 ..\obj\tm_stm32f4_rtc.o
                0x20000870                TM_RTC_Status
 .bss           0x20000874       0x40 ..\obj\tm_stm32f4_spi_dma.o
                0x200008b0                SPI_DMA_Dummy
 .bss           0x200008b4      0x20c ..\obj\ff.o
 .bss           0x20000ac0       0x14 ..\obj\semihosting.o
 .bss           0x20000ad4       0x48 ..\obj\file_handler.o
                0x20000b0c                volume
 .bss           0x20000b1c       0x10 ..\obj\tm_stm32f4_delay.o
                0x20000b1c                TM_Time
                0x20000b20                TM_Time2
                0x20000b24                TM_DELAY_Initialized
                0x20000b28                TM_TimingDelay
 .bss           0x20000b2c        0x1 ..\obj\led.o
 *(COMMON)
 *fill*         0x20000b2d        0x3 
 COMMON         0x20000b30      0xc00 ..\obj\tm_stm32f4_usart.o
                0x20000b30                TM_UART5_Buffer
                0x20000d30                TM_USART6_Buffer
                0x20000f30                TM_USART3_Buffer
                0x20001130                TM_USART2_Buffer
                0x20001330                TM_USART1_Buffer
                0x20001530                TM_UART4_Buffer
 COMMON         0x20001730    0x185bc ..\obj\main.o
                0x20001730                PASSIVE_BUFFER
                0x20001734                FatFs
                0x20001968                output_buf
                0x200019b8                data_buffer_A
                0x200099bc                data_packet_size
                0x200099c0                data_buffer_B
                0x200119c4                buf2
                0x200119f8                data_buffer_C
                0x200199fc                datatime
                0x20019a0c                buf
                0x20019a40                ser_input_buffer
                0x20019a74                ACTIVE_BUFFER
                0x20019a78                fil
                0x20019c9c                sprintf_buf
 *fill*         0x20019cec        0x4 
 COMMON         0x20019cf0       0xa0 ..\obj\fatfs_sd_sdio.o
                0x20019cf0                SDIO_CmdInitStructure
                0x20019d08                SDCardInfo
                0x20019d60                SDIO_InitStructure
                0x20019d78                SDIO_DataInitStructure
 COMMON         0x20019d90       0x20 ..\obj\tm_stm32f4_rtc.o
                0x20019d90                RTC_TimeStruct
                0x20019d94                RTC_InitStruct
                0x20019da0                RTC_DateStruct
                0x20019da4                NVIC_InitStruct
                0x20019da8                EXTI_InitStruct
 COMMON         0x20019db0       0x7c ..\obj\unity.o
                0x20019db0                Unity
 COMMON         0x20019e2c        0x4 ..\obj\tm_stm32f4_delay.o
                0x20019e2c                mult
 *fill*         0x20019e30       0x10 
 COMMON         0x20019e40       0xa0 ..\obj\myTests.o
                0x20019e40                b
                0x20019e44                num_bytes
                0x20019e48                PASSIVE_TBUFFER
                0x20019e4c                ACTIVE_TBUFFER
                0x20019e60                c_buff
                0x20019e80                dest_array
                0x20019e8c                src_array
                0x20019e98                a
                0x20019ea0                a_buff
                0x20019ec0                b_buff
                0x20019ee0                . = ALIGN (0x4)
                0x20019ee0                __bss_end__ = .
                0x20019ee0                _ebss = __bss_end__

.heap           0x20019ee0        0x0
                0x20019ee0                __end__ = .
                0x20019ee0                _end = __end__
                0x20019ee0                end = __end__
 *(.heap*)
                0x20019ee0                __HeapLimit = .

.co_stack       0x20019ee0      0x800 load address 0x08031e00
                0x20019ee0                . = ALIGN (0x8)
 *(.co_stack .co_stack.*)
 .co_stack      0x20019ee0      0x800 ..\obj\startup_stm32f4xx.o
                0x20019ee0                pulStack
                0x20020000                __StackTop = (ORIGIN (ram) + 0x20000)
                0x2001f800                __StackLimit = (__StackTop - SIZEOF (.co_stack))
                0x20020000                PROVIDE (__stack, __StackTop)
                0x00000001                ASSERT ((__StackLimit >= __HeapLimit), region ram  overflowed with stack)
LOAD ..\obj\stm32f4xx_usart.o
LOAD ..\obj\tm_stm32f4_mpu6050.o
LOAD ..\obj\tm_stm32f4_servo.o
LOAD ..\obj\stm32f4xx_hash.o
LOAD ..\obj\tm_stm32f4_stmpe811.o
LOAD ..\obj\tm_stm32f4_rng.o
LOAD ..\obj\tm_stm32f4_nrf24l01.o
LOAD ..\obj\stm32f4xx_iwdg.o
LOAD ..\obj\tm_stm32f4_mfrc522.o
LOAD ..\obj\printf.o
LOAD ..\obj\tm_stm32f4_button.o
LOAD ..\obj\stm32f4xx_syscfg.o
LOAD ..\obj\tm_stm32f4_bkpsram.o
LOAD ..\obj\stm32f4xx_rcc.o
LOAD ..\obj\stm32f4xx_pwr.o
LOAD ..\obj\stm32f4xx_cryp.o
LOAD ..\obj\tm_stm32f4_pcd8544.o
LOAD ..\obj\tm_stm32f4_library_template.o
LOAD ..\obj\tm_stm32f4_swo.o
LOAD ..\obj\tm_stm32f4_fonts.o
LOAD ..\obj\tm_stm32f4_usart.o
LOAD ..\obj\tm_stm32f4_general.o
LOAD ..\obj\tm_stm32f4_dac.o
LOAD ..\obj\main.o
LOAD ..\obj\stm32f4xx_gpio.o
LOAD ..\obj\MAX11060.o
LOAD ..\obj\tm_stm32f4_gpio.o
LOAD ..\obj\stm32f4xx_dma.o
LOAD ..\obj\stm32f4xx_can.o
LOAD ..\obj\tm_stm32f4_usart_dma.o
LOAD ..\obj\system.o
LOAD ..\obj\stm32f4xx_ltdc.o
LOAD ..\obj\stm32f4xx_dbgmcu.o
LOAD ..\obj\stm32f4xx_cryp_des.o
LOAD ..\obj\stm32f4xx_adc.o
LOAD ..\obj\tm_stm32f4_crc.o
LOAD ..\obj\tm_stm32f4_am2301.o
LOAD ..\obj\stm32f4xx_dcmi.o
LOAD ..\obj\tm_stm32f4_ds1307.o
LOAD ..\obj\tm_stm32f4_disco.o
LOAD ..\obj\stm32f4xx_sdio.o
LOAD ..\obj\stm32f4xx_exti.o
LOAD ..\obj\stm32f4xx_cryp_tdes.o
LOAD ..\obj\tm_stm32f4_timer_properties.o
LOAD ..\obj\tm_stm32f4_hmc5883l.o
LOAD ..\obj\tm_stm32f4_bmp180.o
LOAD ..\obj\syscall.o
LOAD ..\obj\tm_stm32f4_spi.o
LOAD ..\obj\tm_stm32f4_pwm.o
LOAD ..\obj\tm_stm32f4_l3gd20.o
LOAD ..\obj\serial_communication.o
LOAD ..\obj\diskio.o
LOAD ..\obj\tm_stm32f4_rotary_encoder.o
LOAD ..\obj\fatfs_sd_sdio.o
LOAD ..\obj\tm_stm32f4_dac_signal.o
LOAD ..\obj\tm_stm32f4_exti.o
LOAD ..\obj\tm_stm32f4_i2c.o
LOAD ..\obj\stm32f4xx_spi.o
LOAD ..\obj\tm_stm32f4_onewire.o
LOAD ..\obj\unicode.o
LOAD ..\obj\syscalls.o
LOAD ..\obj\stm32f4xx_dac.o
LOAD ..\obj\stm32f4xx_wwdg.o
LOAD ..\obj\fatfs_sd.o
LOAD ..\obj\stm32f4xx_rtc.o
LOAD ..\obj\stm32f4xx_hash_sha1.o
LOAD ..\obj\startup_stm32f4xx.o
LOAD ..\obj\tm_stm32f4_keypad.o
LOAD ..\obj\tm_stm32f4_rtc.o
LOAD ..\obj\tm_stm32f4_otp.o
LOAD ..\obj\system_stm32f4xx.o
LOAD ..\obj\stm32f4xx_rng.o
LOAD ..\obj\unity.o
LOAD ..\obj\tm_stm32f4_spi_dma.o
LOAD ..\obj\tm_stm32f4_hd44780.o
LOAD ..\obj\stm32f4xx_dma2d.o
LOAD ..\obj\tm_stm32f4_ds18b20.o
LOAD ..\obj\stm32f4xx_cryp_aes.o
LOAD ..\obj\sh_cmd.o
LOAD ..\obj\ff.o
LOAD ..\obj\stm32f4xx_flash.o
LOAD ..\obj\semihosting.o
LOAD ..\obj\stm32f4xx_crc.o
LOAD ..\obj\tm_stm32f4_id.o
LOAD ..\obj\misc.o
LOAD ..\obj\stm32f4xx_i2c.o
LOAD ..\obj\tm_stm32f4_fatfs.o
LOAD ..\obj\file_handler.o
LOAD ..\obj\tm_stm32f4_hcsr04.o
LOAD ..\obj\tm_stm32f4_delay.o
LOAD ..\obj\tm_stm32f4_lis302dl_lis3dsh.o
LOAD ..\obj\tm_stm32f4_low_power.o
LOAD ..\obj\tm_stm32f4_gps.o
LOAD ..\obj\tm_stm32f4_bootloader.o
LOAD ..\obj\stm32f4xx_sai.o
LOAD ..\obj\tm_stm32f4_watchdog.o
LOAD ..\obj\myTests.o
LOAD ..\obj\stm32f4xx_hash_md5.o
LOAD ..\obj\tm_stm32f4_dma2d_graphic.o
LOAD ..\obj\tm_stm32f4_mco_output.o
LOAD ..\obj\stm32f4xx_tim.o
LOAD ..\obj\led.o
LOAD ..\obj\tm_stm32f4_adc.o
LOAD ..\obj\tm_stm32f4_pwmin.o
LOAD c:/program files (x86)/gnu tools arm embedded/4.9 2015q1/bin/../lib/gcc/arm-none-eabi/4.9.3/../../../../arm-none-eabi/lib/armv7e-m/fpu\libm.a
LOAD c:/program files (x86)/gnu tools arm embedded/4.9 2015q1/bin/../lib/gcc/arm-none-eabi/4.9.3/armv7e-m/fpu\libgcc.a
LOAD c:/program files (x86)/gnu tools arm embedded/4.9 2015q1/bin/../lib/gcc/arm-none-eabi/4.9.3/../../../../arm-none-eabi/lib/armv7e-m/fpu\libc.a
START GROUP
LOAD c:/program files (x86)/gnu tools arm embedded/4.9 2015q1/bin/../lib/gcc/arm-none-eabi/4.9.3/armv7e-m/fpu\libgcc.a
LOAD c:/program files (x86)/gnu tools arm embedded/4.9 2015q1/bin/../lib/gcc/arm-none-eabi/4.9.3/../../../../arm-none-eabi/lib/armv7e-m/fpu\libg.a
LOAD c:/program files (x86)/gnu tools arm embedded/4.9 2015q1/bin/../lib/gcc/arm-none-eabi/4.9.3/../../../../arm-none-eabi/lib/armv7e-m/fpu\libc.a
END GROUP
OUTPUT(ADC_SD_Logger.elf elf32-littlearm)

.debug_info     0x00000000    0x2aa21
 .debug_info    0x00000000      0xbad ..\obj\stm32f4xx_usart.o
 .debug_info    0x00000bad     0x1edc ..\obj\printf.o
 .debug_info    0x00002a89      0x31d ..\obj\tm_stm32f4_bkpsram.o
 .debug_info    0x00002da6      0xeb9 ..\obj\stm32f4xx_rcc.o
 .debug_info    0x00003c5f      0x616 ..\obj\stm32f4xx_pwr.o
 .debug_info    0x00004275     0x266f ..\obj\tm_stm32f4_usart.o
 .debug_info    0x000068e4     0x11b2 ..\obj\main.o
 .debug_info    0x00007a96      0x841 ..\obj\stm32f4xx_gpio.o
 .debug_info    0x000082d7      0x701 ..\obj\MAX11060.o
 .debug_info    0x000089d8      0x825 ..\obj\tm_stm32f4_gpio.o
 .debug_info    0x000091fd      0x73b ..\obj\stm32f4xx_dma.o
 .debug_info    0x00009938      0x980 ..\obj\tm_stm32f4_usart_dma.o
 .debug_info    0x0000a2b8      0xa9c ..\obj\system.o
 .debug_info    0x0000ad54      0xc88 ..\obj\stm32f4xx_adc.o
 .debug_info    0x0000b9dc      0x324 ..\obj\tm_stm32f4_disco.o
 .debug_info    0x0000bd00      0x839 ..\obj\stm32f4xx_sdio.o
 .debug_info    0x0000c539      0x33c ..\obj\stm32f4xx_exti.o
 .debug_info    0x0000c875     0x1b24 ..\obj\tm_stm32f4_spi.o
 .debug_info    0x0000e399      0xbdc ..\obj\serial_communication.o
 .debug_info    0x0000ef75      0x3ba ..\obj\diskio.o
 .debug_info    0x0000f32f     0x5156 ..\obj\fatfs_sd_sdio.o
 .debug_info    0x00014485      0xb31 ..\obj\tm_stm32f4_exti.o
 .debug_info    0x00014fb6      0xc7e ..\obj\stm32f4xx_spi.o
 .debug_info    0x00015c34      0x158 ..\obj\unicode.o
 .debug_info    0x00015d8c     0x18fb ..\obj\stm32f4xx_rtc.o
 .debug_info    0x00017687      0x131 ..\obj\startup_stm32f4xx.o
 .debug_info    0x000177b8     0x1a08 ..\obj\tm_stm32f4_rtc.o
 .debug_info    0x000191c0      0x5de ..\obj\system_stm32f4xx.o
 .debug_info    0x0001979e     0x2d47 ..\obj\unity.o
 .debug_info    0x0001c4e5      0x90e ..\obj\tm_stm32f4_spi_dma.o
 .debug_info    0x0001cdf3      0x10f ..\obj\sh_cmd.o
 .debug_info    0x0001cf02     0x9962 ..\obj\ff.o
 .debug_info    0x00026864      0x1da ..\obj\semihosting.o
 .debug_info    0x00026a3e      0x543 ..\obj\misc.o
 .debug_info    0x00026f81      0x6e4 ..\obj\tm_stm32f4_fatfs.o
 .debug_info    0x00027665      0x59b ..\obj\file_handler.o
 .debug_info    0x00027c00      0x757 ..\obj\tm_stm32f4_delay.o
 .debug_info    0x00028357      0x4c1 ..\obj\myTests.o
 .debug_info    0x00028818      0x38b ..\obj\led.o
 .debug_info    0x00028ba3     0x1e7e ..\obj\tm_stm32f4_adc.o

.debug_abbrev   0x00000000     0x5356
 .debug_abbrev  0x00000000      0x1eb ..\obj\stm32f4xx_usart.o
 .debug_abbrev  0x000001eb      0x3f5 ..\obj\printf.o
 .debug_abbrev  0x000005e0      0x114 ..\obj\tm_stm32f4_bkpsram.o
 .debug_abbrev  0x000006f4      0x25e ..\obj\stm32f4xx_rcc.o
 .debug_abbrev  0x00000952      0x1c4 ..\obj\stm32f4xx_pwr.o
 .debug_abbrev  0x00000b16      0x397 ..\obj\tm_stm32f4_usart.o
 .debug_abbrev  0x00000ead      0x3bc ..\obj\main.o
 .debug_abbrev  0x00001269      0x1f6 ..\obj\stm32f4xx_gpio.o
 .debug_abbrev  0x0000145f      0x1b5 ..\obj\MAX11060.o
 .debug_abbrev  0x00001614      0x1fb ..\obj\tm_stm32f4_gpio.o
 .debug_abbrev  0x0000180f      0x173 ..\obj\stm32f4xx_dma.o
 .debug_abbrev  0x00001982      0x240 ..\obj\tm_stm32f4_usart_dma.o
 .debug_abbrev  0x00001bc2      0x2bf ..\obj\system.o
 .debug_abbrev  0x00001e81      0x1cc ..\obj\stm32f4xx_adc.o
 .debug_abbrev  0x0000204d      0x12a ..\obj\tm_stm32f4_disco.o
 .debug_abbrev  0x00002177      0x1ad ..\obj\stm32f4xx_sdio.o
 .debug_abbrev  0x00002324      0x1c3 ..\obj\stm32f4xx_exti.o
 .debug_abbrev  0x000024e7      0x2a2 ..\obj\tm_stm32f4_spi.o
 .debug_abbrev  0x00002789      0x267 ..\obj\serial_communication.o
 .debug_abbrev  0x000029f0      0x145 ..\obj\diskio.o
 .debug_abbrev  0x00002b35      0x468 ..\obj\fatfs_sd_sdio.o
 .debug_abbrev  0x00002f9d      0x1e9 ..\obj\tm_stm32f4_exti.o
 .debug_abbrev  0x00003186      0x1e5 ..\obj\stm32f4xx_spi.o
 .debug_abbrev  0x0000336b       0xb5 ..\obj\unicode.o
 .debug_abbrev  0x00003420      0x26e ..\obj\stm32f4xx_rtc.o
 .debug_abbrev  0x0000368e      0x10b ..\obj\startup_stm32f4xx.o
 .debug_abbrev  0x00003799      0x3b6 ..\obj\tm_stm32f4_rtc.o
 .debug_abbrev  0x00003b4f      0x143 ..\obj\system_stm32f4xx.o
 .debug_abbrev  0x00003c92      0x3a1 ..\obj\unity.o
 .debug_abbrev  0x00004033      0x224 ..\obj\tm_stm32f4_spi_dma.o
 .debug_abbrev  0x00004257       0x14 ..\obj\sh_cmd.o
 .debug_abbrev  0x0000426b      0x3b1 ..\obj\ff.o
 .debug_abbrev  0x0000461c      0x106 ..\obj\semihosting.o
 .debug_abbrev  0x00004722      0x154 ..\obj\misc.o
 .debug_abbrev  0x00004876      0x1aa ..\obj\tm_stm32f4_fatfs.o
 .debug_abbrev  0x00004a20      0x1b9 ..\obj\file_handler.o
 .debug_abbrev  0x00004bd9      0x1c4 ..\obj\tm_stm32f4_delay.o
 .debug_abbrev  0x00004d9d      0x1d8 ..\obj\myTests.o
 .debug_abbrev  0x00004f75      0x15e ..\obj\led.o
 .debug_abbrev  0x000050d3      0x283 ..\obj\tm_stm32f4_adc.o

.debug_loc      0x00000000    0x2b769
 .debug_loc     0x00000000      0x917 ..\obj\stm32f4xx_usart.o
 .debug_loc     0x00000917     0x2995 ..\obj\printf.o
 .debug_loc     0x000032ac      0xd3c ..\obj\stm32f4xx_rcc.o
 .debug_loc     0x00003fe8      0x1bd ..\obj\stm32f4xx_pwr.o
 .debug_loc     0x000041a5     0x2d5a ..\obj\tm_stm32f4_usart.o
 .debug_loc     0x00006eff       0xfa ..\obj\main.o
 .debug_loc     0x00006ff9      0x3b8 ..\obj\stm32f4xx_gpio.o
 .debug_loc     0x000073b1      0x108 ..\obj\MAX11060.o
 .debug_loc     0x000074b9      0x714 ..\obj\tm_stm32f4_gpio.o
 .debug_loc     0x00007bcd      0x480 ..\obj\stm32f4xx_dma.o
 .debug_loc     0x0000804d      0x91f ..\obj\tm_stm32f4_usart_dma.o
 .debug_loc     0x0000896c      0x168 ..\obj\system.o
 .debug_loc     0x00008ad4      0xa81 ..\obj\stm32f4xx_adc.o
 .debug_loc     0x00009555      0x20c ..\obj\stm32f4xx_sdio.o
 .debug_loc     0x00009761      0x1a1 ..\obj\stm32f4xx_exti.o
 .debug_loc     0x00009902     0x1159 ..\obj\tm_stm32f4_spi.o
 .debug_loc     0x0000aa5b       0xc6 ..\obj\serial_communication.o
 .debug_loc     0x0000ab21      0x256 ..\obj\diskio.o
 .debug_loc     0x0000ad77     0x2a9b ..\obj\fatfs_sd_sdio.o
 .debug_loc     0x0000d812      0x1e9 ..\obj\tm_stm32f4_exti.o
 .debug_loc     0x0000d9fb      0x6cb ..\obj\stm32f4xx_spi.o
 .debug_loc     0x0000e0c6       0x4c ..\obj\unicode.o
 .debug_loc     0x0000e112     0x1965 ..\obj\stm32f4xx_rtc.o
 .debug_loc     0x0000fa77      0xf8b ..\obj\tm_stm32f4_rtc.o
 .debug_loc     0x00010a02      0x13f ..\obj\system_stm32f4xx.o
 .debug_loc     0x00010b41     0x4957 ..\obj\unity.o
 .debug_loc     0x00015498      0x6a7 ..\obj\tm_stm32f4_spi_dma.o
 .debug_loc     0x00015b3f    0x1443b ..\obj\ff.o
 .debug_loc     0x00029f7a       0x58 ..\obj\semihosting.o
 .debug_loc     0x00029fd2      0x161 ..\obj\misc.o
 .debug_loc     0x0002a133      0x391 ..\obj\tm_stm32f4_fatfs.o
 .debug_loc     0x0002a4c4       0x2a ..\obj\file_handler.o
 .debug_loc     0x0002a4ee       0x36 ..\obj\tm_stm32f4_delay.o
 .debug_loc     0x0002a524       0x70 ..\obj\myTests.o
 .debug_loc     0x0002a594     0x11d5 ..\obj\tm_stm32f4_adc.o

.debug_aranges  0x00000000      0x518
 .debug_aranges
                0x00000000       0x20 ..\obj\stm32f4xx_usart.o
 .debug_aranges
                0x00000020       0x20 ..\obj\printf.o
 .debug_aranges
                0x00000040       0x20 ..\obj\tm_stm32f4_bkpsram.o
 .debug_aranges
                0x00000060       0x20 ..\obj\stm32f4xx_rcc.o
 .debug_aranges
                0x00000080       0x20 ..\obj\stm32f4xx_pwr.o
 .debug_aranges
                0x000000a0       0x20 ..\obj\tm_stm32f4_usart.o
 .debug_aranges
                0x000000c0       0x28 ..\obj\main.o
 .debug_aranges
                0x000000e8       0x20 ..\obj\stm32f4xx_gpio.o
 .debug_aranges
                0x00000108       0x20 ..\obj\MAX11060.o
 .debug_aranges
                0x00000128       0x20 ..\obj\tm_stm32f4_gpio.o
 .debug_aranges
                0x00000148       0x20 ..\obj\stm32f4xx_dma.o
 .debug_aranges
                0x00000168       0x20 ..\obj\tm_stm32f4_usart_dma.o
 .debug_aranges
                0x00000188       0x20 ..\obj\system.o
 .debug_aranges
                0x000001a8       0x20 ..\obj\stm32f4xx_adc.o
 .debug_aranges
                0x000001c8       0x20 ..\obj\tm_stm32f4_disco.o
 .debug_aranges
                0x000001e8       0x20 ..\obj\stm32f4xx_sdio.o
 .debug_aranges
                0x00000208       0x20 ..\obj\stm32f4xx_exti.o
 .debug_aranges
                0x00000228       0x20 ..\obj\tm_stm32f4_spi.o
 .debug_aranges
                0x00000248       0x20 ..\obj\serial_communication.o
 .debug_aranges
                0x00000268       0x20 ..\obj\diskio.o
 .debug_aranges
                0x00000288       0x20 ..\obj\fatfs_sd_sdio.o
 .debug_aranges
                0x000002a8       0x20 ..\obj\tm_stm32f4_exti.o
 .debug_aranges
                0x000002c8       0x20 ..\obj\stm32f4xx_spi.o
 .debug_aranges
                0x000002e8       0x20 ..\obj\unicode.o
 .debug_aranges
                0x00000308       0x20 ..\obj\stm32f4xx_rtc.o
 .debug_aranges
                0x00000328       0x20 ..\obj\startup_stm32f4xx.o
 .debug_aranges
                0x00000348       0x20 ..\obj\tm_stm32f4_rtc.o
 .debug_aranges
                0x00000368       0x20 ..\obj\system_stm32f4xx.o
 .debug_aranges
                0x00000388       0x30 ..\obj\unity.o
 .debug_aranges
                0x000003b8       0x20 ..\obj\tm_stm32f4_spi_dma.o
 .debug_aranges
                0x000003d8       0x20 ..\obj\sh_cmd.o
 .debug_aranges
                0x000003f8       0x20 ..\obj\ff.o
 .debug_aranges
                0x00000418       0x20 ..\obj\semihosting.o
 .debug_aranges
                0x00000438       0x20 ..\obj\misc.o
 .debug_aranges
                0x00000458       0x20 ..\obj\tm_stm32f4_fatfs.o
 .debug_aranges
                0x00000478       0x20 ..\obj\file_handler.o
 .debug_aranges
                0x00000498       0x20 ..\obj\tm_stm32f4_delay.o
 .debug_aranges
                0x000004b8       0x20 ..\obj\myTests.o
 .debug_aranges
                0x000004d8       0x20 ..\obj\led.o
 .debug_aranges
                0x000004f8       0x20 ..\obj\tm_stm32f4_adc.o

.debug_line     0x00000000     0xd8fe
 .debug_line    0x00000000      0x481 ..\obj\stm32f4xx_usart.o
 .debug_line    0x00000481      0x748 ..\obj\printf.o
 .debug_line    0x00000bc9      0x2bd ..\obj\tm_stm32f4_bkpsram.o
 .debug_line    0x00000e86      0x47b ..\obj\stm32f4xx_rcc.o
 .debug_line    0x00001301      0x375 ..\obj\stm32f4xx_pwr.o
 .debug_line    0x00001676      0xaee ..\obj\tm_stm32f4_usart.o
 .debug_line    0x00002164      0x614 ..\obj\main.o
 .debug_line    0x00002778      0x3c5 ..\obj\stm32f4xx_gpio.o
 .debug_line    0x00002b3d      0x302 ..\obj\MAX11060.o
 .debug_line    0x00002e3f      0x3e8 ..\obj\tm_stm32f4_gpio.o
 .debug_line    0x00003227      0x41e ..\obj\stm32f4xx_dma.o
 .debug_line    0x00003645      0x461 ..\obj\tm_stm32f4_usart_dma.o
 .debug_line    0x00003aa6      0x40d ..\obj\system.o
 .debug_line    0x00003eb3      0x472 ..\obj\stm32f4xx_adc.o
 .debug_line    0x00004325      0x264 ..\obj\tm_stm32f4_disco.o
 .debug_line    0x00004589      0x3a1 ..\obj\stm32f4xx_sdio.o
 .debug_line    0x0000492a      0x316 ..\obj\stm32f4xx_exti.o
 .debug_line    0x00004c40      0x6ba ..\obj\tm_stm32f4_spi.o
 .debug_line    0x000052fa      0x40f ..\obj\serial_communication.o
 .debug_line    0x00005709      0x36a ..\obj\diskio.o
 .debug_line    0x00005a73     0x1433 ..\obj\fatfs_sd_sdio.o
 .debug_line    0x00006ea6      0x38e ..\obj\tm_stm32f4_exti.o
 .debug_line    0x00007234      0x439 ..\obj\stm32f4xx_spi.o
 .debug_line    0x0000766d      0x134 ..\obj\unicode.o
 .debug_line    0x000077a1      0x91d ..\obj\stm32f4xx_rtc.o
 .debug_line    0x000080be       0xbe ..\obj\startup_stm32f4xx.o
 .debug_line    0x0000817c      0x824 ..\obj\tm_stm32f4_rtc.o
 .debug_line    0x000089a0      0x243 ..\obj\system_stm32f4xx.o
 .debug_line    0x00008be3      0x78e ..\obj\unity.o
 .debug_line    0x00009371      0x409 ..\obj\tm_stm32f4_spi_dma.o
 .debug_line    0x0000977a       0xc0 ..\obj\sh_cmd.o
 .debug_line    0x0000983a     0x2989 ..\obj\ff.o
 .debug_line    0x0000c1c3      0x1ae ..\obj\semihosting.o
 .debug_line    0x0000c371      0x2e6 ..\obj\misc.o
 .debug_line    0x0000c657      0x28a ..\obj\tm_stm32f4_fatfs.o
 .debug_line    0x0000c8e1      0x279 ..\obj\file_handler.o
 .debug_line    0x0000cb5a      0x2c4 ..\obj\tm_stm32f4_delay.o
 .debug_line    0x0000ce1e      0x331 ..\obj\myTests.o
 .debug_line    0x0000d14f      0x2c8 ..\obj\led.o
 .debug_line    0x0000d417      0x4e7 ..\obj\tm_stm32f4_adc.o

.debug_str      0x00000000     0x80a7
 .debug_str     0x00000000      0x69a ..\obj\stm32f4xx_usart.o
                                0x720 (size before relaxing)
 .debug_str     0x0000069a      0x56d ..\obj\printf.o
                                0x743 (size before relaxing)
 .debug_str     0x00000c07      0x177 ..\obj\tm_stm32f4_bkpsram.o
                                0x342 (size before relaxing)
 .debug_str     0x00000d7e      0x64a ..\obj\stm32f4xx_rcc.o
                                0x9e6 (size before relaxing)
 .debug_str     0x000013c8      0x222 ..\obj\stm32f4xx_pwr.o
                                0x437 (size before relaxing)
 .debug_str     0x000015ea      0xb87 ..\obj\tm_stm32f4_usart.o
                                0xf51 (size before relaxing)
 .debug_str     0x00002171      0x73a ..\obj\main.o
                                0xa4e (size before relaxing)
 .debug_str     0x000028ab      0x27b ..\obj\stm32f4xx_gpio.o
                                0x518 (size before relaxing)
 .debug_str     0x00002b26      0x2d3 ..\obj\MAX11060.o
                                0x5da (size before relaxing)
 .debug_str     0x00002df9      0x14b ..\obj\tm_stm32f4_gpio.o
                                0x5ab (size before relaxing)
 .debug_str     0x00002f44      0x3b4 ..\obj\stm32f4xx_dma.o
                                0x593 (size before relaxing)
 .debug_str     0x000032f8      0x18a ..\obj\tm_stm32f4_usart_dma.o
                                0x5be (size before relaxing)
 .debug_str     0x00003482      0x2dd ..\obj\system.o
                                0x87d (size before relaxing)
 .debug_str     0x0000375f      0x5f1 ..\obj\stm32f4xx_adc.o
                                0x86c (size before relaxing)
 .debug_str     0x00003d50       0xcc ..\obj\tm_stm32f4_disco.o
                                0x3ce (size before relaxing)
 .debug_str     0x00003e1c      0x4b2 ..\obj\stm32f4xx_sdio.o
                                0x6a8 (size before relaxing)
 .debug_str     0x000042ce      0x1b4 ..\obj\stm32f4xx_exti.o
                                0x39d (size before relaxing)
 .debug_str     0x00004482      0x2d5 ..\obj\tm_stm32f4_spi.o
                                0x80f (size before relaxing)
 .debug_str     0x00004757       0xf0 ..\obj\serial_communication.o
                                0x566 (size before relaxing)
 .debug_str     0x00004847      0x150 ..\obj\diskio.o
                                0x331 (size before relaxing)
 .debug_str     0x00004997      0xcd1 ..\obj\fatfs_sd_sdio.o
                               0x1bb2 (size before relaxing)
 .debug_str     0x00005668      0x13e ..\obj\tm_stm32f4_exti.o
                                0xc09 (size before relaxing)
 .debug_str     0x000057a6      0x2f0 ..\obj\stm32f4xx_spi.o
                                0x71c (size before relaxing)
 .debug_str     0x00005a96       0x9f ..\obj\unicode.o
                                0x1a6 (size before relaxing)
 .debug_str     0x00005b35      0x94b ..\obj\stm32f4xx_rtc.o
                                0xb99 (size before relaxing)
 .debug_str     0x00006480       0xdc ..\obj\startup_stm32f4xx.o
                                0x1a4 (size before relaxing)
 .debug_str     0x0000655c      0x341 ..\obj\tm_stm32f4_rtc.o
                               0x10ed (size before relaxing)
 .debug_str     0x0000689d       0xd0 ..\obj\system_stm32f4xx.o
                                0x415 (size before relaxing)
 .debug_str     0x0000696d      0x79c ..\obj\unity.o
                                0xa50 (size before relaxing)
 .debug_str     0x00007109      0x18f ..\obj\tm_stm32f4_spi_dma.o
                                0x5dd (size before relaxing)
 .debug_str     0x00007298      0x3a5 ..\obj\ff.o
                                0x863 (size before relaxing)
 .debug_str     0x0000763d       0xbb ..\obj\semihosting.o
                                0x20c (size before relaxing)
 .debug_str     0x000076f8      0x14e ..\obj\misc.o
                                0x41f (size before relaxing)
 .debug_str     0x00007846       0xf6 ..\obj\tm_stm32f4_fatfs.o
                                0x4d3 (size before relaxing)
 .debug_str     0x0000793c      0x10b ..\obj\file_handler.o
                                0x552 (size before relaxing)
 .debug_str     0x00007a47      0x120 ..\obj\tm_stm32f4_delay.o
                                0x89d (size before relaxing)
 .debug_str     0x00007b67      0x11a ..\obj\myTests.o
                                0x493 (size before relaxing)
 .debug_str     0x00007c81       0x78 ..\obj\led.o
                                0x3bf (size before relaxing)
 .debug_str     0x00007cf9      0x3ae ..\obj\tm_stm32f4_adc.o
                                0x9c3 (size before relaxing)

.comment        0x00000000       0x70
 .comment       0x00000000       0x70 ..\obj\stm32f4xx_usart.o
                                 0x71 (size before relaxing)
 .comment       0x00000000       0x71 ..\obj\printf.o
 .comment       0x00000000       0x71 ..\obj\tm_stm32f4_bkpsram.o
 .comment       0x00000000       0x71 ..\obj\stm32f4xx_rcc.o
 .comment       0x00000000       0x71 ..\obj\stm32f4xx_pwr.o
 .comment       0x00000000       0x71 ..\obj\tm_stm32f4_usart.o
 .comment       0x00000000       0x71 ..\obj\main.o
 .comment       0x00000000       0x71 ..\obj\stm32f4xx_gpio.o
 .comment       0x00000000       0x71 ..\obj\MAX11060.o
 .comment       0x00000000       0x71 ..\obj\tm_stm32f4_gpio.o
 .comment       0x00000000       0x71 ..\obj\stm32f4xx_dma.o
 .comment       0x00000000       0x71 ..\obj\tm_stm32f4_usart_dma.o
 .comment       0x00000000       0x71 ..\obj\system.o
 .comment       0x00000000       0x71 ..\obj\stm32f4xx_adc.o
 .comment       0x00000000       0x71 ..\obj\tm_stm32f4_disco.o
 .comment       0x00000000       0x71 ..\obj\stm32f4xx_sdio.o
 .comment       0x00000000       0x71 ..\obj\stm32f4xx_exti.o
 .comment       0x00000000       0x71 ..\obj\tm_stm32f4_spi.o
 .comment       0x00000000       0x71 ..\obj\serial_communication.o
 .comment       0x00000000       0x71 ..\obj\diskio.o
 .comment       0x00000000       0x71 ..\obj\fatfs_sd_sdio.o
 .comment       0x00000000       0x71 ..\obj\tm_stm32f4_exti.o
 .comment       0x00000000       0x71 ..\obj\stm32f4xx_spi.o
 .comment       0x00000000       0x71 ..\obj\unicode.o
 .comment       0x00000000       0x71 ..\obj\stm32f4xx_rtc.o
 .comment       0x00000000       0x71 ..\obj\startup_stm32f4xx.o
 .comment       0x00000000       0x71 ..\obj\tm_stm32f4_rtc.o
 .comment       0x00000000       0x71 ..\obj\system_stm32f4xx.o
 .comment       0x00000000       0x71 ..\obj\unity.o
 .comment       0x00000000       0x71 ..\obj\tm_stm32f4_spi_dma.o
 .comment       0x00000000       0x71 ..\obj\ff.o
 .comment       0x00000000       0x71 ..\obj\semihosting.o
 .comment       0x00000000       0x71 ..\obj\misc.o
 .comment       0x00000000       0x71 ..\obj\tm_stm32f4_fatfs.o
 .comment       0x00000000       0x71 ..\obj\file_handler.o
 .comment       0x00000000       0x71 ..\obj\tm_stm32f4_delay.o
 .comment       0x00000000       0x71 ..\obj\myTests.o
 .comment       0x00000000       0x71 ..\obj\led.o
 .comment       0x00000000       0x71 ..\obj\tm_stm32f4_adc.o

.ARM.attributes
                0x00000000       0x37
 .ARM.attributes
                0x00000000       0x35 ..\obj\stm32f4xx_usart.o
 .ARM.attributes
                0x00000035       0x35 ..\obj\printf.o
 .ARM.attributes
                0x0000006a       0x35 ..\obj\tm_stm32f4_bkpsram.o
 .ARM.attributes
                0x0000009f       0x35 ..\obj\stm32f4xx_rcc.o
 .ARM.attributes
                0x000000d4       0x35 ..\obj\stm32f4xx_pwr.o
 .ARM.attributes
                0x00000109       0x35 ..\obj\tm_stm32f4_usart.o
 .ARM.attributes
                0x0000013e       0x35 ..\obj\main.o
 .ARM.attributes
                0x00000173       0x35 ..\obj\stm32f4xx_gpio.o
 .ARM.attributes
                0x000001a8       0x35 ..\obj\MAX11060.o
 .ARM.attributes
                0x000001dd       0x35 ..\obj\tm_stm32f4_gpio.o
 .ARM.attributes
                0x00000212       0x35 ..\obj\stm32f4xx_dma.o
 .ARM.attributes
                0x00000247       0x35 ..\obj\tm_stm32f4_usart_dma.o
 .ARM.attributes
                0x0000027c       0x35 ..\obj\system.o
 .ARM.attributes
                0x000002b1       0x35 ..\obj\stm32f4xx_adc.o
 .ARM.attributes
                0x000002e6       0x35 ..\obj\tm_stm32f4_disco.o
 .ARM.attributes
                0x0000031b       0x35 ..\obj\stm32f4xx_sdio.o
 .ARM.attributes
                0x00000350       0x35 ..\obj\stm32f4xx_exti.o
 .ARM.attributes
                0x00000385       0x35 ..\obj\tm_stm32f4_spi.o
 .ARM.attributes
                0x000003ba       0x35 ..\obj\serial_communication.o
 .ARM.attributes
                0x000003ef       0x35 ..\obj\diskio.o
 .ARM.attributes
                0x00000424       0x35 ..\obj\fatfs_sd_sdio.o
 .ARM.attributes
                0x00000459       0x35 ..\obj\tm_stm32f4_exti.o
 .ARM.attributes
                0x0000048e       0x35 ..\obj\stm32f4xx_spi.o
 .ARM.attributes
                0x000004c3       0x35 ..\obj\unicode.o
 .ARM.attributes
                0x000004f8       0x35 ..\obj\stm32f4xx_rtc.o
 .ARM.attributes
                0x0000052d       0x35 ..\obj\startup_stm32f4xx.o
 .ARM.attributes
                0x00000562       0x35 ..\obj\tm_stm32f4_rtc.o
 .ARM.attributes
                0x00000597       0x35 ..\obj\system_stm32f4xx.o
 .ARM.attributes
                0x000005cc       0x35 ..\obj\unity.o
 .ARM.attributes
                0x00000601       0x35 ..\obj\tm_stm32f4_spi_dma.o
 .ARM.attributes
                0x00000636       0x25 ..\obj\sh_cmd.o
 .ARM.attributes
                0x0000065b       0x35 ..\obj\ff.o
 .ARM.attributes
                0x00000690       0x35 ..\obj\semihosting.o
 .ARM.attributes
                0x000006c5       0x35 ..\obj\misc.o
 .ARM.attributes
                0x000006fa       0x35 ..\obj\tm_stm32f4_fatfs.o
 .ARM.attributes
                0x0000072f       0x35 ..\obj\file_handler.o
 .ARM.attributes
                0x00000764       0x35 ..\obj\tm_stm32f4_delay.o
 .ARM.attributes
                0x00000799       0x35 ..\obj\myTests.o
 .ARM.attributes
                0x000007ce       0x35 ..\obj\led.o
 .ARM.attributes
                0x00000803       0x35 ..\obj\tm_stm32f4_adc.o
 .ARM.attributes
                0x00000838       0x34 c:/program files (x86)/gnu tools arm embedded/4.9 2015q1/bin/../lib/gcc/arm-none-eabi/4.9.3/../../../../arm-none-eabi/lib/armv7e-m/fpu\libc.a(lib_a-atoi.o)
 .ARM.attributes
                0x0000086c       0x34 c:/program files (x86)/gnu tools arm embedded/4.9 2015q1/bin/../lib/gcc/arm-none-eabi/4.9.3/../../../../arm-none-eabi/lib/armv7e-m/fpu\libc.a(lib_a-ctype_.o)
 .ARM.attributes
                0x000008a0       0x34 c:/program files (x86)/gnu tools arm embedded/4.9 2015q1/bin/../lib/gcc/arm-none-eabi/4.9.3/../../../../arm-none-eabi/lib/armv7e-m/fpu\libc.a(lib_a-impure.o)
 .ARM.attributes
                0x000008d4       0x20 c:/program files (x86)/gnu tools arm embedded/4.9 2015q1/bin/../lib/gcc/arm-none-eabi/4.9.3/../../../../arm-none-eabi/lib/armv7e-m/fpu\libc.a(lib_a-memcpy.o)
 .ARM.attributes
                0x000008f4       0x34 c:/program files (x86)/gnu tools arm embedded/4.9 2015q1/bin/../lib/gcc/arm-none-eabi/4.9.3/../../../../arm-none-eabi/lib/armv7e-m/fpu\libc.a(lib_a-memset.o)
 .ARM.attributes
                0x00000928       0x20 c:/program files (x86)/gnu tools arm embedded/4.9 2015q1/bin/../lib/gcc/arm-none-eabi/4.9.3/../../../../arm-none-eabi/lib/armv7e-m/fpu\libc.a(lib_a-setjmp.o)
 .ARM.attributes
                0x00000948       0x34 c:/program files (x86)/gnu tools arm embedded/4.9 2015q1/bin/../lib/gcc/arm-none-eabi/4.9.3/../../../../arm-none-eabi/lib/armv7e-m/fpu\libc.a(lib_a-strlen.o)
 .ARM.attributes
                0x0000097c       0x34 c:/program files (x86)/gnu tools arm embedded/4.9 2015q1/bin/../lib/gcc/arm-none-eabi/4.9.3/../../../../arm-none-eabi/lib/armv7e-m/fpu\libc.a(lib_a-strncmp.o)
 .ARM.attributes
                0x000009b0       0x34 c:/program files (x86)/gnu tools arm embedded/4.9 2015q1/bin/../lib/gcc/arm-none-eabi/4.9.3/../../../../arm-none-eabi/lib/armv7e-m/fpu\libc.a(lib_a-strtol.o)

.debug_frame    0x00000000     0x4684
 .debug_frame   0x00000000      0x274 ..\obj\stm32f4xx_usart.o
 .debug_frame   0x00000274      0x2c8 ..\obj\printf.o
 .debug_frame   0x0000053c       0x28 ..\obj\tm_stm32f4_bkpsram.o
 .debug_frame   0x00000564      0x37c ..\obj\stm32f4xx_rcc.o
 .debug_frame   0x000008e0      0x134 ..\obj\stm32f4xx_pwr.o
 .debug_frame   0x00000a14      0x378 ..\obj\tm_stm32f4_usart.o
 .debug_frame   0x00000d8c       0x9c ..\obj\main.o
 .debug_frame   0x00000e28      0x174 ..\obj\stm32f4xx_gpio.o
 .debug_frame   0x00000f9c       0xc4 ..\obj\MAX11060.o
 .debug_frame   0x00001060      0x134 ..\obj\tm_stm32f4_gpio.o
 .debug_frame   0x00001194      0x1b8 ..\obj\stm32f4xx_dma.o
 .debug_frame   0x0000134c       0xa0 ..\obj\tm_stm32f4_usart_dma.o
 .debug_frame   0x000013ec       0xb4 ..\obj\system.o
 .debug_frame   0x000014a0      0x2e4 ..\obj\stm32f4xx_adc.o
 .debug_frame   0x00001784       0x6c ..\obj\tm_stm32f4_disco.o
 .debug_frame   0x000017f0      0x22c ..\obj\stm32f4xx_sdio.o
 .debug_frame   0x00001a1c       0xb4 ..\obj\stm32f4xx_exti.o
 .debug_frame   0x00001ad0      0x2ec ..\obj\tm_stm32f4_spi.o
 .debug_frame   0x00001dbc       0x40 ..\obj\serial_communication.o
 .debug_frame   0x00001dfc       0x70 ..\obj\diskio.o
 .debug_frame   0x00001e6c      0x6b4 ..\obj\fatfs_sd_sdio.o
 .debug_frame   0x00002520       0xf8 ..\obj\tm_stm32f4_exti.o
 .debug_frame   0x00002618      0x214 ..\obj\stm32f4xx_spi.o
 .debug_frame   0x0000282c       0x40 ..\obj\unicode.o
 .debug_frame   0x0000286c      0x524 ..\obj\stm32f4xx_rtc.o
 .debug_frame   0x00002d90       0x3c ..\obj\startup_stm32f4xx.o
 .debug_frame   0x00002dcc      0x24c ..\obj\tm_stm32f4_rtc.o
 .debug_frame   0x00003018       0x3c ..\obj\system_stm32f4xx.o
 .debug_frame   0x00003054      0x3f4 ..\obj\unity.o
 .debug_frame   0x00003448       0x98 ..\obj\tm_stm32f4_spi_dma.o
 .debug_frame   0x000034e0      0xa20 ..\obj\ff.o
 .debug_frame   0x00003f00       0x68 ..\obj\semihosting.o
 .debug_frame   0x00003f68       0x74 ..\obj\misc.o
 .debug_frame   0x00003fdc       0x9c ..\obj\tm_stm32f4_fatfs.o
 .debug_frame   0x00004078       0x9c ..\obj\file_handler.o
 .debug_frame   0x00004114       0x68 ..\obj\tm_stm32f4_delay.o
 .debug_frame   0x0000417c       0xc8 ..\obj\myTests.o
 .debug_frame   0x00004244       0x54 ..\obj\led.o
 .debug_frame   0x00004298      0x2c0 ..\obj\tm_stm32f4_adc.o
 .debug_frame   0x00004558       0x30 c:/program files (x86)/gnu tools arm embedded/4.9 2015q1/bin/../lib/gcc/arm-none-eabi/4.9.3/../../../../arm-none-eabi/lib/armv7e-m/fpu\libc.a(lib_a-atoi.o)
 .debug_frame   0x00004588       0x34 c:/program files (x86)/gnu tools arm embedded/4.9 2015q1/bin/../lib/gcc/arm-none-eabi/4.9.3/../../../../arm-none-eabi/lib/armv7e-m/fpu\libc.a(lib_a-memset.o)
 .debug_frame   0x000045bc       0x20 c:/program files (x86)/gnu tools arm embedded/4.9 2015q1/bin/../lib/gcc/arm-none-eabi/4.9.3/../../../../arm-none-eabi/lib/armv7e-m/fpu\libc.a(lib_a-strlen.o)
 .debug_frame   0x000045dc       0x54 c:/program files (x86)/gnu tools arm embedded/4.9 2015q1/bin/../lib/gcc/arm-none-eabi/4.9.3/../../../../arm-none-eabi/lib/armv7e-m/fpu\libc.a(lib_a-strncmp.o)
 .debug_frame   0x00004630       0x54 c:/program files (x86)/gnu tools arm embedded/4.9 2015q1/bin/../lib/gcc/arm-none-eabi/4.9.3/../../../../arm-none-eabi/lib/armv7e-m/fpu\libc.a(lib_a-strtol.o)

.debug_ranges   0x00000000     0x4438
 .debug_ranges  0x00000000      0x490 ..\obj\printf.o
 .debug_ranges  0x00000490       0x20 ..\obj\stm32f4xx_rcc.o
 .debug_ranges  0x000004b0      0x6c0 ..\obj\tm_stm32f4_usart.o
 .debug_ranges  0x00000b70       0x58 ..\obj\main.o
 .debug_ranges  0x00000bc8       0x18 ..\obj\tm_stm32f4_gpio.o
 .debug_ranges  0x00000be0      0x138 ..\obj\tm_stm32f4_usart_dma.o
 .debug_ranges  0x00000d18       0x48 ..\obj\system.o
 .debug_ranges  0x00000d60      0x248 ..\obj\tm_stm32f4_spi.o
 .debug_ranges  0x00000fa8       0x40 ..\obj\serial_communication.o
 .debug_ranges  0x00000fe8      0x728 ..\obj\fatfs_sd_sdio.o
 .debug_ranges  0x00001710      0x3b8 ..\obj\stm32f4xx_rtc.o
 .debug_ranges  0x00001ac8       0x98 ..\obj\tm_stm32f4_rtc.o
 .debug_ranges  0x00001b60       0x18 ..\obj\system_stm32f4xx.o
 .debug_ranges  0x00001b78      0x3b0 ..\obj\unity.o
 .debug_ranges  0x00001f28      0x110 ..\obj\tm_stm32f4_spi_dma.o
 .debug_ranges  0x00002038     0x21e8 ..\obj\ff.o
 .debug_ranges  0x00004220       0x58 ..\obj\tm_stm32f4_delay.o
 .debug_ranges  0x00004278       0x60 ..\obj\myTests.o
 .debug_ranges  0x000042d8      0x160 ..\obj\tm_stm32f4_adc.o
